Archive member included to satisfy reference by file (symbol)

c:/st/stm32cubeide_1.8.0/stm32cubeide/plugins/com.st.stm32cube.ide.mcu.externaltools.gnu-tools-for-stm32.10.3-2021.10.win32_1.0.0.202111181127/tools/bin/../lib/gcc/arm-none-eabi/10.3.1/../../../../arm-none-eabi/lib/thumb/v7e-m+dp/hard\libc_nano.a(lib_a-errno.o)
                              ./Core/Src/syscalls.o (__errno)
c:/st/stm32cubeide_1.8.0/stm32cubeide/plugins/com.st.stm32cube.ide.mcu.externaltools.gnu-tools-for-stm32.10.3-2021.10.win32_1.0.0.202111181127/tools/bin/../lib/gcc/arm-none-eabi/10.3.1/../../../../arm-none-eabi/lib/thumb/v7e-m+dp/hard\libc_nano.a(lib_a-exit.o)
                              c:/st/stm32cubeide_1.8.0/stm32cubeide/plugins/com.st.stm32cube.ide.mcu.externaltools.gnu-tools-for-stm32.10.3-2021.10.win32_1.0.0.202111181127/tools/bin/../lib/gcc/arm-none-eabi/10.3.1/../../../../arm-none-eabi/lib/thumb/v7e-m+dp/hard/crt0.o (exit)
c:/st/stm32cubeide_1.8.0/stm32cubeide/plugins/com.st.stm32cube.ide.mcu.externaltools.gnu-tools-for-stm32.10.3-2021.10.win32_1.0.0.202111181127/tools/bin/../lib/gcc/arm-none-eabi/10.3.1/../../../../arm-none-eabi/lib/thumb/v7e-m+dp/hard\libc_nano.a(lib_a-impure.o)
                              c:/st/stm32cubeide_1.8.0/stm32cubeide/plugins/com.st.stm32cube.ide.mcu.externaltools.gnu-tools-for-stm32.10.3-2021.10.win32_1.0.0.202111181127/tools/bin/../lib/gcc/arm-none-eabi/10.3.1/../../../../arm-none-eabi/lib/thumb/v7e-m+dp/hard\libc_nano.a(lib_a-exit.o) (_global_impure_ptr)
c:/st/stm32cubeide_1.8.0/stm32cubeide/plugins/com.st.stm32cube.ide.mcu.externaltools.gnu-tools-for-stm32.10.3-2021.10.win32_1.0.0.202111181127/tools/bin/../lib/gcc/arm-none-eabi/10.3.1/../../../../arm-none-eabi/lib/thumb/v7e-m+dp/hard\libc_nano.a(lib_a-init.o)
                              c:/st/stm32cubeide_1.8.0/stm32cubeide/plugins/com.st.stm32cube.ide.mcu.externaltools.gnu-tools-for-stm32.10.3-2021.10.win32_1.0.0.202111181127/tools/bin/../lib/gcc/arm-none-eabi/10.3.1/../../../../arm-none-eabi/lib/thumb/v7e-m+dp/hard/crt0.o (__libc_init_array)
c:/st/stm32cubeide_1.8.0/stm32cubeide/plugins/com.st.stm32cube.ide.mcu.externaltools.gnu-tools-for-stm32.10.3-2021.10.win32_1.0.0.202111181127/tools/bin/../lib/gcc/arm-none-eabi/10.3.1/../../../../arm-none-eabi/lib/thumb/v7e-m+dp/hard\libc_nano.a(lib_a-malloc.o)
                              ./Core/Src/main.o (malloc)
c:/st/stm32cubeide_1.8.0/stm32cubeide/plugins/com.st.stm32cube.ide.mcu.externaltools.gnu-tools-for-stm32.10.3-2021.10.win32_1.0.0.202111181127/tools/bin/../lib/gcc/arm-none-eabi/10.3.1/../../../../arm-none-eabi/lib/thumb/v7e-m+dp/hard\libc_nano.a(lib_a-memcpy-stub.o)
                              ./Core/Src/main.o (memcpy)
c:/st/stm32cubeide_1.8.0/stm32cubeide/plugins/com.st.stm32cube.ide.mcu.externaltools.gnu-tools-for-stm32.10.3-2021.10.win32_1.0.0.202111181127/tools/bin/../lib/gcc/arm-none-eabi/10.3.1/../../../../arm-none-eabi/lib/thumb/v7e-m+dp/hard\libc_nano.a(lib_a-memset.o)
                              c:/st/stm32cubeide_1.8.0/stm32cubeide/plugins/com.st.stm32cube.ide.mcu.externaltools.gnu-tools-for-stm32.10.3-2021.10.win32_1.0.0.202111181127/tools/bin/../lib/gcc/arm-none-eabi/10.3.1/../../../../arm-none-eabi/lib/thumb/v7e-m+dp/hard/crt0.o (memset)
c:/st/stm32cubeide_1.8.0/stm32cubeide/plugins/com.st.stm32cube.ide.mcu.externaltools.gnu-tools-for-stm32.10.3-2021.10.win32_1.0.0.202111181127/tools/bin/../lib/gcc/arm-none-eabi/10.3.1/../../../../arm-none-eabi/lib/thumb/v7e-m+dp/hard\libc_nano.a(lib_a-nano-freer.o)
                              c:/st/stm32cubeide_1.8.0/stm32cubeide/plugins/com.st.stm32cube.ide.mcu.externaltools.gnu-tools-for-stm32.10.3-2021.10.win32_1.0.0.202111181127/tools/bin/../lib/gcc/arm-none-eabi/10.3.1/../../../../arm-none-eabi/lib/thumb/v7e-m+dp/hard\libc_nano.a(lib_a-malloc.o) (_free_r)
c:/st/stm32cubeide_1.8.0/stm32cubeide/plugins/com.st.stm32cube.ide.mcu.externaltools.gnu-tools-for-stm32.10.3-2021.10.win32_1.0.0.202111181127/tools/bin/../lib/gcc/arm-none-eabi/10.3.1/../../../../arm-none-eabi/lib/thumb/v7e-m+dp/hard\libc_nano.a(lib_a-nano-mallocr.o)
                              c:/st/stm32cubeide_1.8.0/stm32cubeide/plugins/com.st.stm32cube.ide.mcu.externaltools.gnu-tools-for-stm32.10.3-2021.10.win32_1.0.0.202111181127/tools/bin/../lib/gcc/arm-none-eabi/10.3.1/../../../../arm-none-eabi/lib/thumb/v7e-m+dp/hard\libc_nano.a(lib_a-malloc.o) (_malloc_r)
c:/st/stm32cubeide_1.8.0/stm32cubeide/plugins/com.st.stm32cube.ide.mcu.externaltools.gnu-tools-for-stm32.10.3-2021.10.win32_1.0.0.202111181127/tools/bin/../lib/gcc/arm-none-eabi/10.3.1/../../../../arm-none-eabi/lib/thumb/v7e-m+dp/hard\libc_nano.a(lib_a-puts.o)
                              ./Core/Src/main.o (puts)
c:/st/stm32cubeide_1.8.0/stm32cubeide/plugins/com.st.stm32cube.ide.mcu.externaltools.gnu-tools-for-stm32.10.3-2021.10.win32_1.0.0.202111181127/tools/bin/../lib/gcc/arm-none-eabi/10.3.1/../../../../arm-none-eabi/lib/thumb/v7e-m+dp/hard\libc_nano.a(lib_a-sbrkr.o)
[...]
Memory Configuration

Name             Origin             Length             Attributes
RAM              0x0000000020000000 0x0000000000080000 xrw
FLASH            0x0000000008000000 0x0000000000200000 xr
*default*        0x0000000000000000 0xffffffffffffffff

Linker script and memory map

LOAD c:/st/stm32cubeide_1.8.0/stm32cubeide/plugins/com.st.stm32cube.ide.mcu.externaltools.gnu-tools-for-stm32.10.3-2021.10.win32_1.0.0.202111181127/tools/bin/../lib/gcc/arm-none-eabi/10.3.1/thumb/v7e-m+dp/hard/crti.o
LOAD c:/st/stm32cubeide_1.8.0/stm32cubeide/plugins/com.st.stm32cube.ide.mcu.externaltools.gnu-tools-for-stm32.10.3-2021.10.win32_1.0.0.202111181127/tools/bin/../lib/gcc/arm-none-eabi/10.3.1/thumb/v7e-m+dp/hard/crtbegin.o
LOAD c:/st/stm32cubeide_1.8.0/stm32cubeide/plugins/com.st.stm32cube.ide.mcu.externaltools.gnu-tools-for-stm32.10.3-2021.10.win32_1.0.0.202111181127/tools/bin/../lib/gcc/arm-none-eabi/10.3.1/../../../../arm-none-eabi/lib/thumb/v7e-m+dp/hard/crt0.o
LOAD ./Core/Src/dma.o
LOAD ./Core/Src/gpio.o
LOAD ./Core/Src/main.o
LOAD ./Core/Src/quadspi.o
LOAD ./Core/Src/spi.o
LOAD ./Core/Src/stm32f7xx_hal_msp.o
LOAD ./Core/Src/stm32f7xx_it.o
LOAD ./Core/Src/syscalls.o
LOAD ./Core/Src/sysmem.o
LOAD ./Core/Src/system_stm32f7xx.o
LOAD ./Core/Src/tim.o
LOAD ./Core/Src/usart.o
LOAD ./Core/Src/w25qxx.o
LOAD ./Core/Startup/startup_stm32f767bitx.o
LOAD ./Core/tjpg/tjpgd.o
LOAD ./Drivers/STM32F7xx_HAL_Driver/Src/stm32f7xx_hal.o
LOAD ./Drivers/STM32F7xx_HAL_Driver/Src/stm32f7xx_hal_cortex.o
LOAD ./Drivers/STM32F7xx_HAL_Driver/Src/stm32f7xx_hal_dma.o
LOAD ./Drivers/STM32F7xx_HAL_Driver/Src/stm32f7xx_hal_dma_ex.o
LOAD ./Drivers/STM32F7xx_HAL_Driver/Src/stm32f7xx_hal_exti.o
LOAD ./Drivers/STM32F7xx_HAL_Driver/Src/stm32f7xx_hal_flash.o
LOAD ./Drivers/STM32F7xx_HAL_Driver/Src/stm32f7xx_hal_flash_ex.o
LOAD ./Drivers/STM32F7xx_HAL_Driver/Src/stm32f7xx_hal_gpio.o
LOAD ./Drivers/STM32F7xx_HAL_Driver/Src/stm32f7xx_hal_i2c.o
LOAD ./Drivers/STM32F7xx_HAL_Driver/Src/stm32f7xx_hal_i2c_ex.o
LOAD ./Drivers/STM32F7xx_HAL_Driver/Src/stm32f7xx_hal_pwr.o
LOAD ./Drivers/STM32F7xx_HAL_Driver/Src/stm32f7xx_hal_pwr_ex.o
LOAD ./Drivers/STM32F7xx_HAL_Driver/Src/stm32f7xx_hal_qspi.o
LOAD ./Drivers/STM32F7xx_HAL_Driver/Src/stm32f7xx_hal_rcc.o
LOAD ./Drivers/STM32F7xx_HAL_Driver/Src/stm32f7xx_hal_rcc_ex.o
LOAD ./Drivers/STM32F7xx_HAL_Driver/Src/stm32f7xx_hal_spi.o
LOAD ./Drivers/STM32F7xx_HAL_Driver/Src/stm32f7xx_hal_spi_ex.o
LOAD ./Drivers/STM32F7xx_HAL_Driver/Src/stm32f7xx_hal_tim.o
LOAD ./Drivers/STM32F7xx_HAL_Driver/Src/stm32f7xx_hal_tim_ex.o
LOAD ./Drivers/STM32F7xx_HAL_Driver/Src/stm32f7xx_hal_uart.o
LOAD ./Drivers/STM32F7xx_HAL_Driver/Src/stm32f7xx_hal_uart_ex.o
START GROUP
LOAD c:/st/stm32cubeide_1.8.0/stm32cubeide/plugins/com.st.stm32cube.ide.mcu.externaltools.gnu-tools-for-stm32.10.3-2021.10.win32_1.0.0.202111181127/tools/bin/../lib/gcc/arm-none-eabi/10.3.1/../../../../arm-none-eabi/lib/thumb/v7e-m+dp/hard\libc_nano.a
LOAD c:/st/stm32cubeide_1.8.0/stm32cubeide/plugins/com.st.stm32cube.ide.mcu.externaltools.gnu-tools-for-stm32.10.3-2021.10.win32_1.0.0.202111181127/tools/bin/../lib/gcc/arm-none-eabi/10.3.1/../../../../arm-none-eabi/lib/thumb/v7e-m+dp/hard\libm.a
END GROUP
START GROUP
LOAD c:/st/stm32cubeide_1.8.0/stm32cubeide/plugins/com.st.stm32cube.ide.mcu.externaltools.gnu-tools-for-stm32.10.3-2021.10.win32_1.0.0.202111181127/tools/bin/../lib/gcc/arm-none-eabi/10.3.1/thumb/v7e-m+dp/hard\libgcc.a
LOAD c:/st/stm32cubeide_1.8.0/stm32cubeide/plugins/com.st.stm32cube.ide.mcu.externaltools.gnu-tools-for-stm32.10.3-2021.10.win32_1.0.0.202111181127/tools/bin/../lib/gcc/arm-none-eabi/10.3.1/../../../../arm-none-eabi/lib/thumb/v7e-m+dp/hard\libc_nano.a
END GROUP
START GROUP
LOAD c:/st/stm32cubeide_1.8.0/stm32cubeide/plugins/com.st.stm32cube.ide.mcu.externaltools.gnu-tools-for-stm32.10.3-2021.10.win32_1.0.0.202111181127/tools/bin/../lib/gcc/arm-none-eabi/10.3.1/thumb/v7e-m+dp/hard\libgcc.a
LOAD c:/st/stm32cubeide_1.8.0/stm32cubeide/plugins/com.st.stm32cube.ide.mcu.externaltools.gnu-tools-for-stm32.10.3-2021.10.win32_1.0.0.202111181127/tools/bin/../lib/gcc/arm-none-eabi/10.3.1/../../../../arm-none-eabi/lib/thumb/v7e-m+dp/hard\libc_nano.a
LOAD c:/st/stm32cubeide_1.8.0/stm32cubeide/plugins/com.st.stm32cube.ide.mcu.externaltools.gnu-tools-for-stm32.10.3-2021.10.win32_1.0.0.202111181127/tools/bin/../lib/gcc/arm-none-eabi/10.3.1/../../../../arm-none-eabi/lib/thumb/v7e-m+dp/hard\libnosys.a
END GROUP
START GROUP
LOAD c:/st/stm32cubeide_1.8.0/stm32cubeide/plugins/com.st.stm32cube.ide.mcu.externaltools.gnu-tools-for-stm32.10.3-2021.10.win32_1.0.0.202111181127/tools/bin/../lib/gcc/arm-none-eabi/10.3.1/thumb/v7e-m+dp/hard\libgcc.a
LOAD c:/st/stm32cubeide_1.8.0/stm32cubeide/plugins/com.st.stm32cube.ide.mcu.externaltools.gnu-tools-for-stm32.10.3-2021.10.win32_1.0.0.202111181127/tools/bin/../lib/gcc/arm-none-eabi/10.3.1/../../../../arm-none-eabi/lib/thumb/v7e-m+dp/hard\libc_nano.a
LOAD c:/st/stm32cubeide_1.8.0/stm32cubeide/plugins/com.st.stm32cube.ide.mcu.externaltools.gnu-tools-for-stm32.10.3-2021.10.win32_1.0.0.202111181127/tools/bin/../lib/gcc/arm-none-eabi/10.3.1/../../../../arm-none-eabi/lib/thumb/v7e-m+dp/hard\libnosys.a
END GROUP
LOAD c:/st/stm32cubeide_1.8.0/stm32cubeide/plugins/com.st.stm32cube.ide.mcu.externaltools.gnu-tools-for-stm32.10.3-2021.10.win32_1.0.0.202111181127/tools/bin/../lib/gcc/arm-none-eabi/10.3.1/thumb/v7e-m+dp/hard/crtend.o
LOAD c:/st/stm32cubeide_1.8.0/stm32cubeide/plugins/com.st.stm32cube.ide.mcu.externaltools.gnu-tools-for-stm32.10.3-2021.10.win32_1.0.0.202111181127/tools/bin/../lib/gcc/arm-none-eabi/10.3.1/thumb/v7e-m+dp/hard/crtn.o
                0x0000000020080000                _estack = (ORIGIN (RAM) + LENGTH (RAM))
                0x0000000000000200                _Min_Heap_Size = 0x200
                0x0000000000000400                _Min_Stack_Size = 0x400

.isr_vector     0x0000000008000000      0x1f8
                0x0000000008000000                . = ALIGN (0x4)
 *(.isr_vector)
 .isr_vector    0x0000000008000000      0x1f8 ./Core/Startup/startup_stm32f767bitx.o
                0x0000000008000000                g_pfnVectors
                0x00000000080001f8                . = ALIGN (0x4)

.text           0x0000000008000200     0x8900
                0x0000000008000200                . = ALIGN (0x4)
 *(.text)
 .text          0x0000000008000200       0x40 c:/st/stm32cubeide_1.8.0/stm32cubeide/plugins/com.st.stm32cube.ide.mcu.externaltools.gnu-tools-for-stm32.10.3-2021.10.win32_1.0.0.202111181127/tools/bin/../lib/gcc/arm-none-eabi/10.3.1/thumb/v7e-m+dp/hard/crtbegin.o
 .text          0x0000000008000240       0xa0 c:/st/stm32cubeide_1.8.0/stm32cubeide/plugins/com.st.stm32cube.ide.mcu.externaltools.gnu-tools-for-stm32.10.3-2021.10.win32_1.0.0.202111181127/tools/bin/../lib/gcc/arm-none-eabi/10.3.1/../../../../arm-none-eabi/lib/thumb/v7e-m+dp/hard\libc_nano.a(lib_a-memchr.o)
                0x0000000008000240                memchr
 .text          0x00000000080002e0       0x30 c:/st/stm32cubeide_1.8.0/stm32cubeide/plugins/com.st.stm32cube.ide.mcu.externaltools.gnu-tools-for-stm32.10.3-2021.10.win32_1.0.0.202111181127/tools/bin/../lib/gcc/arm-none-eabi/10.3.1/thumb/v7e-m+dp/hard\libgcc.a(_aeabi_uldivmod.o)
                0x00000000080002e0                __aeabi_uldivmod
 .text          0x0000000008000310      0x2d0 c:/st/stm32cubeide_1.8.0/stm32cubeide/plugins/com.st.stm32cube.ide.mcu.externaltools.gnu-tools-for-stm32.10.3-2021.10.win32_1.0.0.202111181127/tools/bin/../lib/gcc/arm-none-eabi/10.3.1/thumb/v7e-m+dp/hard\libgcc.a(_udivmoddi4.o)
                0x0000000008000310                __udivmoddi4
 .text          0x00000000080005e0        0x4 c:/st/stm32cubeide_1.8.0/stm32cubeide/plugins/com.st.stm32cube.ide.mcu.externaltools.gnu-tools-for-stm32.10.3-2021.10.win32_1.0.0.202111181127/tools/bin/../lib/gcc/arm-none-eabi/10.3.1/thumb/v7e-m+dp/hard\libgcc.a(_dvmd_tls.o)
                0x00000000080005e0                __aeabi_idiv0
                0x00000000080005e0                __aeabi_ldiv0
 *(.text*)
 .text.MX_DMA_Init
                0x00000000080005e4       0x3c ./Core/Src/dma.o
                0x00000000080005e4                MX_DMA_Init
 .text.MX_GPIO_Init
                0x0000000008000620      0x120 ./Core/Src/gpio.o
                0x0000000008000620                MX_GPIO_Init
 .text.__io_putchar
                0x0000000008000740       0x24 ./Core/Src/main.o
                0x0000000008000740                __io_putchar
 .text.in_func  0x0000000008000764       0x90 ./Core/Src/main.o
                0x0000000008000764                in_func
 .text.out_func
                0x00000000080007f4       0x86 ./Core/Src/main.o
                0x00000000080007f4                out_func
 *fill*         0x000000000800087a        0x2 
 .text.main     0x000000000800087c      0x400 ./Core/Src/main.o
                0x000000000800087c                main
 .text.SystemClock_Config
                0x0000000008000c7c       0xb8 ./Core/Src/main.o
                0x0000000008000c7c                SystemClock_Config
 .text.Error_Handler
                0x0000000008000d34        0xe ./Core/Src/main.o
                0x0000000008000d34                Error_Handler
 *fill*         0x0000000008000d42        0x2 
 .text.MX_QUADSPI_Init
                0x0000000008000d44       0x58 ./Core/Src/quadspi.o
                0x0000000008000d44                MX_QUADSPI_Init
 .text.HAL_QSPI_MspInit
                0x0000000008000d9c      0x104 ./Core/Src/quadspi.o
                0x0000000008000d9c                HAL_QSPI_MspInit
 .text.MX_SPI1_Init
                0x0000000008000ea0       0x7c ./Core/Src/spi.o
                0x0000000008000ea0                MX_SPI1_Init
 .text.MX_SPI3_Init
                0x0000000008000f1c       0x70 ./Core/Src/spi.o
                0x0000000008000f1c                MX_SPI3_Init
 .text.MX_SPI4_Init
                0x0000000008000f8c       0x7c ./Core/Src/spi.o
                0x0000000008000f8c                MX_SPI4_Init
 .text.HAL_SPI_MspInit
                0x0000000008001008      0x18c ./Core/Src/spi.o
                0x0000000008001008                HAL_SPI_MspInit
 .text.HAL_MspInit
                0x0000000008001194       0x48 ./Core/Src/stm32f7xx_hal_msp.o
                0x0000000008001194                HAL_MspInit
 .text.NMI_Handler
                0x00000000080011dc        0xe ./Core/Src/stm32f7xx_it.o
                0x00000000080011dc                NMI_Handler
 .text.HardFault_Handler
                0x00000000080011ea        0x6 ./Core/Src/stm32f7xx_it.o
                0x00000000080011ea                HardFault_Handler
 .text.MemManage_Handler
                0x00000000080011f0        0x6 ./Core/Src/stm32f7xx_it.o
                0x00000000080011f0                MemManage_Handler
 .text.BusFault_Handler
                0x00000000080011f6        0x6 ./Core/Src/stm32f7xx_it.o
                0x00000000080011f6                BusFault_Handler
 .text.UsageFault_Handler
                0x00000000080011fc        0x6 ./Core/Src/stm32f7xx_it.o
                0x00000000080011fc                UsageFault_Handler
 .text.SVC_Handler
                0x0000000008001202        0xe ./Core/Src/stm32f7xx_it.o
                0x0000000008001202                SVC_Handler
 .text.DebugMon_Handler
                0x0000000008001210        0xe ./Core/Src/stm32f7xx_it.o
                0x0000000008001210                DebugMon_Handler
 .text.PendSV_Handler
                0x000000000800121e        0xe ./Core/Src/stm32f7xx_it.o
                0x000000000800121e                PendSV_Handler
 .text.SysTick_Handler
                0x000000000800122c        0xc ./Core/Src/stm32f7xx_it.o
                0x000000000800122c                SysTick_Handler
 .text.USART1_IRQHandler
                0x0000000008001238       0x14 ./Core/Src/stm32f7xx_it.o
                0x0000000008001238                USART1_IRQHandler
 .text.DMA2_Stream5_IRQHandler
                0x000000000800124c       0x14 ./Core/Src/stm32f7xx_it.o
                0x000000000800124c                DMA2_Stream5_IRQHandler
 .text._read    0x0000000008001260       0x3a ./Core/Src/syscalls.o
                0x0000000008001260                _read
 .text._write   0x000000000800129a       0x38 ./Core/Src/syscalls.o
                0x000000000800129a                _write
 .text._close   0x00000000080012d2       0x18 ./Core/Src/syscalls.o
                0x00000000080012d2                _close
 .text._fstat   0x00000000080012ea       0x20 ./Core/Src/syscalls.o
                0x00000000080012ea                _fstat
 .text._isatty  0x000000000800130a       0x16 ./Core/Src/syscalls.o
                0x000000000800130a                _isatty
 .text._lseek   0x0000000008001320       0x1a ./Core/Src/syscalls.o
                0x0000000008001320                _lseek
 *fill*         0x000000000800133a        0x2 
 .text._sbrk    0x000000000800133c       0x6c ./Core/Src/sysmem.o
                0x000000000800133c                _sbrk
 .text.SystemInit
                0x00000000080013a8       0x2c ./Core/Src/system_stm32f7xx.o
                0x00000000080013a8                SystemInit
 .text.MX_TIM14_Init
                0x00000000080013d4       0x48 ./Core/Src/tim.o
                0x00000000080013d4                MX_TIM14_Init
 .text.HAL_TIM_Base_MspInit
                0x000000000800141c       0x40 ./Core/Src/tim.o
                0x000000000800141c                HAL_TIM_Base_MspInit
 .text.MX_USART1_UART_Init
                0x000000000800145c       0x60 ./Core/Src/usart.o
                0x000000000800145c                MX_USART1_UART_Init
 .text.MX_USART2_UART_Init
                0x00000000080014bc       0x60 ./Core/Src/usart.o
                0x00000000080014bc                MX_USART2_UART_Init
 .text.HAL_UART_MspInit
                0x000000000800151c      0x1b8 ./Core/Src/usart.o
                0x000000000800151c                HAL_UART_MspInit
 .text.W25qxx_Spi
                0x00000000080016d4       0x2c ./Core/Src/w25qxx.o
                0x00000000080016d4                W25qxx_Spi
 .text.W25qxx_ReadID
                0x0000000008001700       0x6c ./Core/Src/w25qxx.o
                0x0000000008001700                W25qxx_ReadID
 .text.W25qxx_ReadUniqID
                0x000000000800176c       0x6c ./Core/Src/w25qxx.o
                0x000000000800176c                W25qxx_ReadUniqID
 .text.W25qxx_WriteEnable
                0x00000000080017d8       0x2c ./Core/Src/w25qxx.o
                0x00000000080017d8                W25qxx_WriteEnable
 .text.W25qxx_ReadStatusRegister
                0x0000000008001804       0x8c ./Core/Src/w25qxx.o
                0x0000000008001804                W25qxx_ReadStatusRegister
 .text.W25qxx_WaitForWriteEnd
                0x0000000008001890       0x54 ./Core/Src/w25qxx.o
                0x0000000008001890                W25qxx_WaitForWriteEnd
 .text.W25qxx_Init
                0x00000000080018e4      0x190 ./Core/Src/w25qxx.o
                0x00000000080018e4                W25qxx_Init
 .text.W25qxx_EraseBlock
                0x0000000008001a74       0xac ./Core/Src/w25qxx.o
                0x0000000008001a74                W25qxx_EraseBlock
 .text.W25qxx_BlockToPage
                0x0000000008001b20       0x2c ./Core/Src/w25qxx.o
                0x0000000008001b20                W25qxx_BlockToPage
 .text.W25qxx_WritePage
                0x0000000008001b4c      0x100 ./Core/Src/w25qxx.o
                0x0000000008001b4c                W25qxx_WritePage
 .text.W25qxx_WriteBlock
                0x0000000008001c4c       0xc4 ./Core/Src/w25qxx.o
                0x0000000008001c4c                W25qxx_WriteBlock
 .text.W25qxx_ReadBytes
                0x0000000008001d10       0xb0 ./Core/Src/w25qxx.o
                0x0000000008001d10                W25qxx_ReadBytes
 .text.Reset_Handler
                0x0000000008001dc0       0x50 ./Core/Startup/startup_stm32f767bitx.o
                0x0000000008001dc0                Reset_Handler
 .text.Default_Handler
                0x0000000008001e10        0x2 ./Core/Startup/startup_stm32f767bitx.o
                0x0000000008001e10                RTC_Alarm_IRQHandler
                0x0000000008001e10                EXTI2_IRQHandler
                0x0000000008001e10                TIM8_CC_IRQHandler
                0x0000000008001e10                UART8_IRQHandler
                0x0000000008001e10                SPI4_IRQHandler
                0x0000000008001e10                TIM1_CC_IRQHandler
                0x0000000008001e10                JPEG_IRQHandler
                0x0000000008001e10                DMA1_Stream5_IRQHandler
                0x0000000008001e10                CAN3_RX1_IRQHandler
                0x0000000008001e10                PVD_IRQHandler
                0x0000000008001e10                TAMP_STAMP_IRQHandler
                0x0000000008001e10                CAN2_RX1_IRQHandler
                0x0000000008001e10                EXTI3_IRQHandler
                0x0000000008001e10                TIM8_TRG_COM_TIM14_IRQHandler
                0x0000000008001e10                DFSDM1_FLT1_IRQHandler
                0x0000000008001e10                TIM1_UP_TIM10_IRQHandler
                0x0000000008001e10                TIM8_UP_TIM13_IRQHandler
                0x0000000008001e10                I2C3_ER_IRQHandler
                0x0000000008001e10                DFSDM1_FLT2_IRQHandler
                0x0000000008001e10                EXTI0_IRQHandler
                0x0000000008001e10                I2C2_EV_IRQHandler
                0x0000000008001e10                DMA1_Stream2_IRQHandler
                0x0000000008001e10                CAN1_RX0_IRQHandler
                0x0000000008001e10                FPU_IRQHandler
                0x0000000008001e10                OTG_HS_WKUP_IRQHandler
                0x0000000008001e10                CAN3_SCE_IRQHandler
                0x0000000008001e10                LTDC_ER_IRQHandler
                0x0000000008001e10                CAN2_SCE_IRQHandler
                0x0000000008001e10                DMA2_Stream2_IRQHandler
                0x0000000008001e10                SPI1_IRQHandler
                0x0000000008001e10                TIM6_DAC_IRQHandler
                0x0000000008001e10                TIM1_BRK_TIM9_IRQHandler
                0x0000000008001e10                DCMI_IRQHandler
                0x0000000008001e10                CAN2_RX0_IRQHandler
                0x0000000008001e10                DMA2_Stream3_IRQHandler
                0x0000000008001e10                SAI2_IRQHandler
                0x0000000008001e10                DFSDM1_FLT3_IRQHandler
                0x0000000008001e10                USART6_IRQHandler
                0x0000000008001e10                CAN3_RX0_IRQHandler
                0x0000000008001e10                USART3_IRQHandler
                0x0000000008001e10                CAN1_RX1_IRQHandler
                0x0000000008001e10                UART5_IRQHandler
                0x0000000008001e10                DMA2_Stream0_IRQHandler
                0x0000000008001e10                TIM4_IRQHandler
                0x0000000008001e10                QUADSPI_IRQHandler
                0x0000000008001e10                I2C1_EV_IRQHandler
                0x0000000008001e10                DMA1_Stream6_IRQHandler
                0x0000000008001e10                DMA1_Stream1_IRQHandler
                0x0000000008001e10                UART4_IRQHandler
                0x0000000008001e10                TIM3_IRQHandler
                0x0000000008001e10                RCC_IRQHandler
                0x0000000008001e10                TIM8_BRK_TIM12_IRQHandler
                0x0000000008001e10                Default_Handler
                0x0000000008001e10                CEC_IRQHandler
                0x0000000008001e10                EXTI15_10_IRQHandler
                0x0000000008001e10                ADC_IRQHandler
                0x0000000008001e10                DMA1_Stream7_IRQHandler
                0x0000000008001e10                SPI5_IRQHandler
                0x0000000008001e10                TIM7_IRQHandler
                0x0000000008001e10                SDMMC1_IRQHandler
                0x0000000008001e10                CAN2_TX_IRQHandler
                0x0000000008001e10                TIM5_IRQHandler
                0x0000000008001e10                DMA2_Stream7_IRQHandler
                0x0000000008001e10                I2C3_EV_IRQHandler
                0x0000000008001e10                EXTI9_5_IRQHandler
                0x0000000008001e10                RTC_WKUP_IRQHandler
                0x0000000008001e10                LTDC_IRQHandler
                0x0000000008001e10                ETH_WKUP_IRQHandler
                0x0000000008001e10                SPDIF_RX_IRQHandler
                0x0000000008001e10                SPI2_IRQHandler
                0x0000000008001e10                OTG_HS_EP1_IN_IRQHandler
                0x0000000008001e10                DMA1_Stream0_IRQHandler
                0x0000000008001e10                CAN1_TX_IRQHandler
                0x0000000008001e10                EXTI4_IRQHandler
                0x0000000008001e10                RNG_IRQHandler
                0x0000000008001e10                ETH_IRQHandler
                0x0000000008001e10                OTG_HS_EP1_OUT_IRQHandler
                0x0000000008001e10                WWDG_IRQHandler
                0x0000000008001e10                SPI6_IRQHandler
                0x0000000008001e10                MDIOS_IRQHandler
                0x0000000008001e10                I2C4_EV_IRQHandler
                0x0000000008001e10                CAN3_TX_IRQHandler
                0x0000000008001e10                TIM2_IRQHandler
                0x0000000008001e10                OTG_FS_WKUP_IRQHandler
                0x0000000008001e10                TIM1_TRG_COM_TIM11_IRQHandler
                0x0000000008001e10                OTG_HS_IRQHandler
                0x0000000008001e10                DMA2D_IRQHandler
                0x0000000008001e10                EXTI1_IRQHandler
                0x0000000008001e10                SDMMC2_IRQHandler
                0x0000000008001e10                UART7_IRQHandler
                0x0000000008001e10                USART2_IRQHandler
                0x0000000008001e10                DFSDM1_FLT0_IRQHandler
                0x0000000008001e10                I2C2_ER_IRQHandler
                0x0000000008001e10                DMA2_Stream1_IRQHandler
                0x0000000008001e10                CAN1_SCE_IRQHandler
                0x0000000008001e10                FLASH_IRQHandler
                0x0000000008001e10                DMA2_Stream4_IRQHandler
                0x0000000008001e10                OTG_FS_IRQHandler
                0x0000000008001e10                SPI3_IRQHandler
                0x0000000008001e10                DMA1_Stream4_IRQHandler
                0x0000000008001e10                I2C1_ER_IRQHandler
                0x0000000008001e10                FMC_IRQHandler
                0x0000000008001e10                LPTIM1_IRQHandler
                0x0000000008001e10                I2C4_ER_IRQHandler
                0x0000000008001e10                DMA2_Stream6_IRQHandler
                0x0000000008001e10                SAI1_IRQHandler
                0x0000000008001e10                DMA1_Stream3_IRQHandler
 .text.alloc_pool
                0x0000000008001e12       0x58 ./Core/tjpg/tjpgd.o
 *fill*         0x0000000008001e6a        0x2 
 .text.create_qt_tbl
                0x0000000008001e6c       0xb8 ./Core/tjpg/tjpgd.o
 .text.create_huffman_tbl
                0x0000000008001f24      0x1aa ./Core/tjpg/tjpgd.o
 .text.bitext   0x00000000080020ce       0xe6 ./Core/tjpg/tjpgd.o
 .text.huffext  0x00000000080021b4      0x13e ./Core/tjpg/tjpgd.o
 *fill*         0x00000000080022f2        0x2 
 .text.block_idct
                0x00000000080022f4      0x3a4 ./Core/tjpg/tjpgd.o
 .text.mcu_load
                0x0000000008002698      0x284 ./Core/tjpg/tjpgd.o
 *fill*         0x000000000800291c        0x4 
 .text.mcu_output
                0x0000000008002920      0x69c ./Core/tjpg/tjpgd.o
 .text.restart  0x0000000008002fbc       0xce ./Core/tjpg/tjpgd.o
 *fill*         0x000000000800308a        0x2 
 .text.jd_prepare
                0x000000000800308c      0x56c ./Core/tjpg/tjpgd.o
                0x000000000800308c                jd_prepare
 .text.jd_decomp
                0x00000000080035f8       0xf6 ./Core/tjpg/tjpgd.o
                0x00000000080035f8                jd_decomp
 .text.HAL_Init
                0x00000000080036ee       0x1a ./Drivers/STM32F7xx_HAL_Driver/Src/stm32f7xx_hal.o
                0x00000000080036ee                HAL_Init
 .text.HAL_InitTick
                0x0000000008003708       0x60 ./Drivers/STM32F7xx_HAL_Driver/Src/stm32f7xx_hal.o
                0x0000000008003708                HAL_InitTick
 .text.HAL_IncTick
                0x0000000008003768       0x28 ./Drivers/STM32F7xx_HAL_Driver/Src/stm32f7xx_hal.o
                0x0000000008003768                HAL_IncTick
 .text.HAL_GetTick
                0x0000000008003790       0x18 ./Drivers/STM32F7xx_HAL_Driver/Src/stm32f7xx_hal.o
                0x0000000008003790                HAL_GetTick
 .text.HAL_Delay
                0x00000000080037a8       0x48 ./Drivers/STM32F7xx_HAL_Driver/Src/stm32f7xx_hal.o
                0x00000000080037a8                HAL_Delay
 .text.__NVIC_SetPriorityGrouping
                0x00000000080037f0       0x48 ./Drivers/STM32F7xx_HAL_Driver/Src/stm32f7xx_hal_cortex.o
 .text.__NVIC_GetPriorityGrouping
                0x0000000008003838       0x1c ./Drivers/STM32F7xx_HAL_Driver/Src/stm32f7xx_hal_cortex.o
 .text.__NVIC_EnableIRQ
                0x0000000008003854       0x3c ./Drivers/STM32F7xx_HAL_Driver/Src/stm32f7xx_hal_cortex.o
 .text.__NVIC_SetPriority
                0x0000000008003890       0x54 ./Drivers/STM32F7xx_HAL_Driver/Src/stm32f7xx_hal_cortex.o
 .text.NVIC_EncodePriority
                0x00000000080038e4       0x66 ./Drivers/STM32F7xx_HAL_Driver/Src/stm32f7xx_hal_cortex.o
 *fill*         0x000000000800394a        0x2 
 .text.SysTick_Config
                0x000000000800394c       0x44 ./Drivers/STM32F7xx_HAL_Driver/Src/stm32f7xx_hal_cortex.o
 .text.HAL_NVIC_SetPriorityGrouping
                0x0000000008003990       0x16 ./Drivers/STM32F7xx_HAL_Driver/Src/stm32f7xx_hal_cortex.o
                0x0000000008003990                HAL_NVIC_SetPriorityGrouping
 .text.HAL_NVIC_SetPriority
                0x00000000080039a6       0x38 ./Drivers/STM32F7xx_HAL_Driver/Src/stm32f7xx_hal_cortex.o
                0x00000000080039a6                HAL_NVIC_SetPriority
 .text.HAL_NVIC_EnableIRQ
                0x00000000080039de       0x1c ./Drivers/STM32F7xx_HAL_Driver/Src/stm32f7xx_hal_cortex.o
                0x00000000080039de                HAL_NVIC_EnableIRQ
 .text.HAL_SYSTICK_Config
                0x00000000080039fa       0x18 ./Drivers/STM32F7xx_HAL_Driver/Src/stm32f7xx_hal_cortex.o
                0x00000000080039fa                HAL_SYSTICK_Config
 *fill*         0x0000000008003a12        0x2 
 .text.HAL_DMA_Init
                0x0000000008003a14      0x15c ./Drivers/STM32F7xx_HAL_Driver/Src/stm32f7xx_hal_dma.o
                0x0000000008003a14                HAL_DMA_Init
 .text.HAL_DMA_Abort
                0x0000000008003b70       0xe0 ./Drivers/STM32F7xx_HAL_Driver/Src/stm32f7xx_hal_dma.o
                0x0000000008003b70                HAL_DMA_Abort
 .text.HAL_DMA_Abort_IT
                0x0000000008003c50       0x44 ./Drivers/STM32F7xx_HAL_Driver/Src/stm32f7xx_hal_dma.o
                0x0000000008003c50                HAL_DMA_Abort_IT
 .text.HAL_DMA_IRQHandler
                0x0000000008003c94      0x314 ./Drivers/STM32F7xx_HAL_Driver/Src/stm32f7xx_hal_dma.o
                0x0000000008003c94                HAL_DMA_IRQHandler
 .text.DMA_CalcBaseAndBitshift
                0x0000000008003fa8       0x6c ./Drivers/STM32F7xx_HAL_Driver/Src/stm32f7xx_hal_dma.o
 .text.DMA_CheckFifoParam
                0x0000000008004014       0xf8 ./Drivers/STM32F7xx_HAL_Driver/Src/stm32f7xx_hal_dma.o
 .text.HAL_GPIO_Init
                0x000000000800410c      0x358 ./Drivers/STM32F7xx_HAL_Driver/Src/stm32f7xx_hal_gpio.o
                0x000000000800410c                HAL_GPIO_Init
 .text.HAL_GPIO_WritePin
                0x0000000008004464       0x32 ./Drivers/STM32F7xx_HAL_Driver/Src/stm32f7xx_hal_gpio.o
                0x0000000008004464                HAL_GPIO_WritePin
 *fill*         0x0000000008004496        0x2 
 .text.HAL_QSPI_Init
                0x0000000008004498       0xf8 ./Drivers/STM32F7xx_HAL_Driver/Src/stm32f7xx_hal_qspi.o
                0x0000000008004498                HAL_QSPI_Init
 .text.HAL_QSPI_SetTimeout
                0x0000000008004590       0x1c ./Drivers/STM32F7xx_HAL_Driver/Src/stm32f7xx_hal_qspi.o
                0x0000000008004590                HAL_QSPI_SetTimeout
 .text.QSPI_WaitFlagStateUntilTimeout
                0x00000000080045ac       0x6e ./Drivers/STM32F7xx_HAL_Driver/Src/stm32f7xx_hal_qspi.o
 *fill*         0x000000000800461a        0x2 
 .text.HAL_RCC_OscConfig
                0x000000000800461c      0x55c ./Drivers/STM32F7xx_HAL_Driver/Src/stm32f7xx_hal_rcc.o
                0x000000000800461c                HAL_RCC_OscConfig
 .text.HAL_RCC_ClockConfig
                0x0000000008004b78      0x1d8 ./Drivers/STM32F7xx_HAL_Driver/Src/stm32f7xx_hal_rcc.o
                0x0000000008004b78                HAL_RCC_ClockConfig
 .text.HAL_RCC_GetSysClockFreq
                0x0000000008004d50      0x18c ./Drivers/STM32F7xx_HAL_Driver/Src/stm32f7xx_hal_rcc.o
                0x0000000008004d50                HAL_RCC_GetSysClockFreq
 .text.HAL_RCC_GetHCLKFreq
                0x0000000008004edc       0x18 ./Drivers/STM32F7xx_HAL_Driver/Src/stm32f7xx_hal_rcc.o
                0x0000000008004edc                HAL_RCC_GetHCLKFreq
 .text.HAL_RCC_GetPCLK1Freq
                0x0000000008004ef4       0x28 ./Drivers/STM32F7xx_HAL_Driver/Src/stm32f7xx_hal_rcc.o
                0x0000000008004ef4                HAL_RCC_GetPCLK1Freq
 .text.HAL_RCC_GetPCLK2Freq
                0x0000000008004f1c       0x28 ./Drivers/STM32F7xx_HAL_Driver/Src/stm32f7xx_hal_rcc.o
                0x0000000008004f1c                HAL_RCC_GetPCLK2Freq
 .text.HAL_RCCEx_PeriphCLKConfig
                0x0000000008004f44      0x850 ./Drivers/STM32F7xx_HAL_Driver/Src/stm32f7xx_hal_rcc_ex.o
                0x0000000008004f44                HAL_RCCEx_PeriphCLKConfig
 .text.HAL_SPI_Init
                0x0000000008005794      0x156 ./Drivers/STM32F7xx_HAL_Driver/Src/stm32f7xx_hal_spi.o
                0x0000000008005794                HAL_SPI_Init
 .text.HAL_SPI_Transmit
                0x00000000080058ea      0x2dc ./Drivers/STM32F7xx_HAL_Driver/Src/stm32f7xx_hal_spi.o
                0x00000000080058ea                HAL_SPI_Transmit
 .text.HAL_SPI_Receive
                0x0000000008005bc6      0x260 ./Drivers/STM32F7xx_HAL_Driver/Src/stm32f7xx_hal_spi.o
                0x0000000008005bc6                HAL_SPI_Receive
 .text.HAL_SPI_TransmitReceive
                0x0000000008005e26      0x426 ./Drivers/STM32F7xx_HAL_Driver/Src/stm32f7xx_hal_spi.o
                0x0000000008005e26                HAL_SPI_TransmitReceive
 .text.SPI_WaitFlagStateUntilTimeout
                0x000000000800624c      0x110 ./Drivers/STM32F7xx_HAL_Driver/Src/stm32f7xx_hal_spi.o
 .text.SPI_WaitFifoStateUntilTimeout
                0x000000000800635c      0x12c ./Drivers/STM32F7xx_HAL_Driver/Src/stm32f7xx_hal_spi.o
 .text.SPI_EndRxTransaction
                0x0000000008006488       0xf8 ./Drivers/STM32F7xx_HAL_Driver/Src/stm32f7xx_hal_spi.o
 .text.SPI_EndRxTxTransaction
                0x0000000008006580       0xd4 ./Drivers/STM32F7xx_HAL_Driver/Src/stm32f7xx_hal_spi.o
 .text.HAL_TIM_Base_Init
                0x0000000008006654       0xae ./Drivers/STM32F7xx_HAL_Driver/Src/stm32f7xx_hal_tim.o
                0x0000000008006654                HAL_TIM_Base_Init
 *fill*         0x0000000008006702        0x2 
 .text.TIM_Base_SetConfig
                0x0000000008006704      0x140 ./Drivers/STM32F7xx_HAL_Driver/Src/stm32f7xx_hal_tim.o
                0x0000000008006704                TIM_Base_SetConfig
 .text.HAL_UART_Init
                0x0000000008006844       0x9c ./Drivers/STM32F7xx_HAL_Driver/Src/stm32f7xx_hal_uart.o
                0x0000000008006844                HAL_UART_Init
 .text.HAL_UART_Transmit
                0x00000000080068e0      0x106 ./Drivers/STM32F7xx_HAL_Driver/Src/stm32f7xx_hal_uart.o
                0x00000000080068e0                HAL_UART_Transmit
 *fill*         0x00000000080069e6        0x2 
 .text.HAL_UART_IRQHandler
                0x00000000080069e8      0x5d0 ./Drivers/STM32F7xx_HAL_Driver/Src/stm32f7xx_hal_uart.o
                0x00000000080069e8                HAL_UART_IRQHandler
 .text.HAL_UART_TxCpltCallback
                0x0000000008006fb8       0x14 ./Drivers/STM32F7xx_HAL_Driver/Src/stm32f7xx_hal_uart.o
                0x0000000008006fb8                HAL_UART_TxCpltCallback
 .text.HAL_UART_ErrorCallback
                0x0000000008006fcc       0x14 ./Drivers/STM32F7xx_HAL_Driver/Src/stm32f7xx_hal_uart.o
                0x0000000008006fcc                HAL_UART_ErrorCallback
 .text.HAL_UARTEx_RxEventCallback
                0x0000000008006fe0       0x18 ./Drivers/STM32F7xx_HAL_Driver/Src/stm32f7xx_hal_uart.o
                0x0000000008006fe0                HAL_UARTEx_RxEventCallback
 .text.HAL_UARTEx_WakeupCallback
                0x0000000008006ff8       0x14 ./Drivers/STM32F7xx_HAL_Driver/Src/stm32f7xx_hal_uart.o
                0x0000000008006ff8                HAL_UARTEx_WakeupCallback
 .text.UART_SetConfig
                0x000000000800700c      0x4c8 ./Drivers/STM32F7xx_HAL_Driver/Src/stm32f7xx_hal_uart.o
                0x000000000800700c                UART_SetConfig
 .text.UART_AdvFeatureConfig
                0x00000000080074d4      0x144 ./Drivers/STM32F7xx_HAL_Driver/Src/stm32f7xx_hal_uart.o
                0x00000000080074d4                UART_AdvFeatureConfig
 .text.UART_CheckIdleState
                0x0000000008007618       0x9a ./Drivers/STM32F7xx_HAL_Driver/Src/stm32f7xx_hal_uart.o
                0x0000000008007618                UART_CheckIdleState
 .text.UART_WaitOnFlagUntilTimeout
                0x00000000080076b2      0x18c ./Drivers/STM32F7xx_HAL_Driver/Src/stm32f7xx_hal_uart.o
                0x00000000080076b2                UART_WaitOnFlagUntilTimeout
 .text.UART_EndRxTransfer
                0x000000000800783e       0xc8 ./Drivers/STM32F7xx_HAL_Driver/Src/stm32f7xx_hal_uart.o
 .text.UART_DMAAbortOnError
                0x0000000008007906       0x2c ./Drivers/STM32F7xx_HAL_Driver/Src/stm32f7xx_hal_uart.o
 .text.UART_EndTransmit_IT
                0x0000000008007932       0x54 ./Drivers/STM32F7xx_HAL_Driver/Src/stm32f7xx_hal_uart.o
 *fill*         0x0000000008007986        0x2 
 .text.__errno  0x0000000008007988        0xc c:/st/stm32cubeide_1.8.0/stm32cubeide/plugins/com.st.stm32cube.ide.mcu.externaltools.gnu-tools-for-stm32.10.3-2021.10.win32_1.0.0.202111181127/tools/bin/../lib/gcc/arm-none-eabi/10.3.1/../../../../arm-none-eabi/lib/thumb/v7e-m+dp/hard\libc_nano.a(lib_a-errno.o)
                0x0000000008007988                __errno
 .text.__libc_init_array
                0x0000000008007994       0x48 c:/st/stm32cubeide_1.8.0/stm32cubeide/plugins/com.st.stm32cube.ide.mcu.externaltools.gnu-tools-for-stm32.10.3-2021.10.win32_1.0.0.202111181127/tools/bin/../lib/gcc/arm-none-eabi/10.3.1/../../../../arm-none-eabi/lib/thumb/v7e-m+dp/hard\libc_nano.a(lib_a-init.o)
                0x0000000008007994                __libc_init_array
 .text.malloc   0x00000000080079dc       0x10 c:/st/stm32cubeide_1.8.0/stm32cubeide/plugins/com.st.stm32cube.ide.mcu.externaltools.gnu-tools-for-stm32.10.3-2021.10.win32_1.0.0.202111181127/tools/bin/../lib/gcc/arm-none-eabi/10.3.1/../../../../arm-none-eabi/lib/thumb/v7e-m+dp/hard\libc_nano.a(lib_a-malloc.o)
                0x00000000080079dc                malloc
 .text.free     0x00000000080079ec       0x10 c:/st/stm32cubeide_1.8.0/stm32cubeide/plugins/com.st.stm32cube.ide.mcu.externaltools.gnu-tools-for-stm32.10.3-2021.10.win32_1.0.0.202111181127/tools/bin/../lib/gcc/arm-none-eabi/10.3.1/../../../../arm-none-eabi/lib/thumb/v7e-m+dp/hard\libc_nano.a(lib_a-malloc.o)
                0x00000000080079ec                free
 .text.memcpy   0x00000000080079fc       0x1c c:/st/stm32cubeide_1.8.0/stm32cubeide/plugins/com.st.stm32cube.ide.mcu.externaltools.gnu-tools-for-stm32.10.3-2021.10.win32_1.0.0.202111181127/tools/bin/../lib/gcc/arm-none-eabi/10.3.1/../../../../arm-none-eabi/lib/thumb/v7e-m+dp/hard\libc_nano.a(lib_a-memcpy-stub.o)
                0x00000000080079fc                memcpy
 .text.memset   0x0000000008007a18       0x10 c:/st/stm32cubeide_1.8.0/stm32cubeide/plugins/com.st.stm32cube.ide.mcu.externaltools.gnu-tools-for-stm32.10.3-2021.10.win32_1.0.0.202111181127/tools/bin/../lib/gcc/arm-none-eabi/10.3.1/../../../../arm-none-eabi/lib/thumb/v7e-m+dp/hard\libc_nano.a(lib_a-memset.o)
                0x0000000008007a18                memset
 .text._free_r  0x0000000008007a28       0x98 c:/st/stm32cubeide_1.8.0/stm32cubeide/plugins/com.st.stm32cube.ide.mcu.externaltools.gnu-tools-for-stm32.10.3-2021.10.win32_1.0.0.202111181127/tools/bin/../lib/gcc/arm-none-eabi/10.3.1/../../../../arm-none-eabi/lib/thumb/v7e-m+dp/hard\libc_nano.a(lib_a-nano-freer.o)
                0x0000000008007a28                _free_r
 .text.sbrk_aligned
                0x0000000008007ac0       0x40 c:/st/stm32cubeide_1.8.0/stm32cubeide/plugins/com.st.stm32cube.ide.mcu.externaltools.gnu-tools-for-stm32.10.3-2021.10.win32_1.0.0.202111181127/tools/bin/../lib/gcc/arm-none-eabi/10.3.1/../../../../arm-none-eabi/lib/thumb/v7e-m+dp/hard\libc_nano.a(lib_a-nano-mallocr.o)
 .text._malloc_r
                0x0000000008007b00       0xe8 c:/st/stm32cubeide_1.8.0/stm32cubeide/plugins/com.st.stm32cube.ide.mcu.externaltools.gnu-tools-for-stm32.10.3-2021.10.win32_1.0.0.202111181127/tools/bin/../lib/gcc/arm-none-eabi/10.3.1/../../../../arm-none-eabi/lib/thumb/v7e-m+dp/hard\libc_nano.a(lib_a-nano-mallocr.o)
                0x0000000008007b00                _malloc_r
 .text._puts_r  0x0000000008007be8       0xdc c:/st/stm32cubeide_1.8.0/stm32cubeide/plugins/com.st.stm32cube.ide.mcu.externaltools.gnu-tools-for-stm32.10.3-2021.10.win32_1.0.0.202111181127/tools/bin/../lib/gcc/arm-none-eabi/10.3.1/../../../../arm-none-eabi/lib/thumb/v7e-m+dp/hard\libc_nano.a(lib_a-puts.o)
                0x0000000008007be8                _puts_r
 .text.puts     0x0000000008007cc4       0x10 c:/st/stm32cubeide_1.8.0/stm32cubeide/plugins/com.st.stm32cube.ide.mcu.externaltools.gnu-tools-for-stm32.10.3-2021.10.win32_1.0.0.202111181127/tools/bin/../lib/gcc/arm-none-eabi/10.3.1/../../../../arm-none-eabi/lib/thumb/v7e-m+dp/hard\libc_nano.a(lib_a-puts.o)
                0x0000000008007cc4                puts
 .text._sbrk_r  0x0000000008007cd4       0x20 c:/st/stm32cubeide_1.8.0/stm32cubeide/plugins/com.st.stm32cube.ide.mcu.externaltools.gnu-tools-for-stm32.10.3-2021.10.win32_1.0.0.202111181127/tools/bin/../lib/gcc/arm-none-eabi/10.3.1/../../../../arm-none-eabi/lib/thumb/v7e-m+dp/hard\libc_nano.a(lib_a-sbrkr.o)
                0x0000000008007cd4                _sbrk_r
 .text.sprintf  0x0000000008007cf4       0x40 c:/st/stm32cubeide_1.8.0/stm32cubeide/plugins/com.st.stm32cube.ide.mcu.externaltools.gnu-tools-for-stm32.10.3-2021.10.win32_1.0.0.202111181127/tools/bin/../lib/gcc/arm-none-eabi/10.3.1/../../../../arm-none-eabi/lib/thumb/v7e-m+dp/hard\libc_nano.a(lib_a-sprintf.o)
                0x0000000008007cf4                siprintf
                0x0000000008007cf4                sprintf
 .text.__swbuf_r
                0x0000000008007d34       0xa4 c:/st/stm32cubeide_1.8.0/stm32cubeide/plugins/com.st.stm32cube.ide.mcu.externaltools.gnu-tools-for-stm32.10.3-2021.10.win32_1.0.0.202111181127/tools/bin/../lib/gcc/arm-none-eabi/10.3.1/../../../../arm-none-eabi/lib/thumb/v7e-m+dp/hard\libc_nano.a(lib_a-wbuf.o)
                0x0000000008007d34                __swbuf_r
 .text.__swsetup_r
                0x0000000008007dd8       0xdc c:/st/stm32cubeide_1.8.0/stm32cubeide/plugins/com.st.stm32cube.ide.mcu.externaltools.gnu-tools-for-stm32.10.3-2021.10.win32_1.0.0.202111181127/tools/bin/../lib/gcc/arm-none-eabi/10.3.1/../../../../arm-none-eabi/lib/thumb/v7e-m+dp/hard\libc_nano.a(lib_a-wsetup.o)
                0x0000000008007dd8                __swsetup_r
 .text.__sflush_r
                0x0000000008007eb4      0x10c c:/st/stm32cubeide_1.8.0/stm32cubeide/plugins/com.st.stm32cube.ide.mcu.externaltools.gnu-tools-for-stm32.10.3-2021.10.win32_1.0.0.202111181127/tools/bin/../lib/gcc/arm-none-eabi/10.3.1/../../../../arm-none-eabi/lib/thumb/v7e-m+dp/hard\libc_nano.a(lib_a-fflush.o)
                0x0000000008007eb4                __sflush_r
 .text._fflush_r
                0x0000000008007fc0       0x78 c:/st/stm32cubeide_1.8.0/stm32cubeide/plugins/com.st.stm32cube.ide.mcu.externaltools.gnu-tools-for-stm32.10.3-2021.10.win32_1.0.0.202111181127/tools/bin/../lib/gcc/arm-none-eabi/10.3.1/../../../../arm-none-eabi/lib/thumb/v7e-m+dp/hard\libc_nano.a(lib_a-fflush.o)
                0x0000000008007fc0                _fflush_r
 .text.std      0x0000000008008038       0x48 c:/st/stm32cubeide_1.8.0/stm32cubeide/plugins/com.st.stm32cube.ide.mcu.externaltools.gnu-tools-for-stm32.10.3-2021.10.win32_1.0.0.202111181127/tools/bin/../lib/gcc/arm-none-eabi/10.3.1/../../../../arm-none-eabi/lib/thumb/v7e-m+dp/hard\libc_nano.a(lib_a-findfp.o)
 .text._cleanup_r
                0x0000000008008080        0xc c:/st/stm32cubeide_1.8.0/stm32cubeide/plugins/com.st.stm32cube.ide.mcu.externaltools.gnu-tools-for-stm32.10.3-2021.10.win32_1.0.0.202111181127/tools/bin/../lib/gcc/arm-none-eabi/10.3.1/../../../../arm-none-eabi/lib/thumb/v7e-m+dp/hard\libc_nano.a(lib_a-findfp.o)
                0x0000000008008080                _cleanup_r
 .text.__sfmoreglue
                0x000000000800808c       0x2c c:/st/stm32cubeide_1.8.0/stm32cubeide/plugins/com.st.stm32cube.ide.mcu.externaltools.gnu-tools-for-stm32.10.3-2021.10.win32_1.0.0.202111181127/tools/bin/../lib/gcc/arm-none-eabi/10.3.1/../../../../arm-none-eabi/lib/thumb/v7e-m+dp/hard\libc_nano.a(lib_a-findfp.o)
                0x000000000800808c                __sfmoreglue
 .text.__sfp_lock_acquire
                0x00000000080080b8        0xc c:/st/stm32cubeide_1.8.0/stm32cubeide/plugins/com.st.stm32cube.ide.mcu.externaltools.gnu-tools-for-stm32.10.3-2021.10.win32_1.0.0.202111181127/tools/bin/../lib/gcc/arm-none-eabi/10.3.1/../../../../arm-none-eabi/lib/thumb/v7e-m+dp/hard\libc_nano.a(lib_a-findfp.o)
                0x00000000080080b8                __sfp_lock_acquire
 .text.__sfp_lock_release
                0x00000000080080c4        0xc c:/st/stm32cubeide_1.8.0/stm32cubeide/plugins/com.st.stm32cube.ide.mcu.externaltools.gnu-tools-for-stm32.10.3-2021.10.win32_1.0.0.202111181127/tools/bin/../lib/gcc/arm-none-eabi/10.3.1/../../../../arm-none-eabi/lib/thumb/v7e-m+dp/hard\libc_nano.a(lib_a-findfp.o)
                0x00000000080080c4                __sfp_lock_release
 .text.__sinit_lock_acquire
                0x00000000080080d0        0xc c:/st/stm32cubeide_1.8.0/stm32cubeide/plugins/com.st.stm32cube.ide.mcu.externaltools.gnu-tools-for-stm32.10.3-2021.10.win32_1.0.0.202111181127/tools/bin/../lib/gcc/arm-none-eabi/10.3.1/../../../../arm-none-eabi/lib/thumb/v7e-m+dp/hard\libc_nano.a(lib_a-findfp.o)
                0x00000000080080d0                __sinit_lock_acquire
 .text.__sinit_lock_release
                0x00000000080080dc        0xc c:/st/stm32cubeide_1.8.0/stm32cubeide/plugins/com.st.stm32cube.ide.mcu.externaltools.gnu-tools-for-stm32.10.3-2021.10.win32_1.0.0.202111181127/tools/bin/../lib/gcc/arm-none-eabi/10.3.1/../../../../arm-none-eabi/lib/thumb/v7e-m+dp/hard\libc_nano.a(lib_a-findfp.o)
                0x00000000080080dc                __sinit_lock_release
 .text.__sinit  0x00000000080080e8       0x70 c:/st/stm32cubeide_1.8.0/stm32cubeide/plugins/com.st.stm32cube.ide.mcu.externaltools.gnu-tools-for-stm32.10.3-2021.10.win32_1.0.0.202111181127/tools/bin/../lib/gcc/arm-none-eabi/10.3.1/../../../../arm-none-eabi/lib/thumb/v7e-m+dp/hard\libc_nano.a(lib_a-findfp.o)
                0x00000000080080e8                __sinit
 .text.__sfp    0x0000000008008158       0x8c c:/st/stm32cubeide_1.8.0/stm32cubeide/plugins/com.st.stm32cube.ide.mcu.externaltools.gnu-tools-for-stm32.10.3-2021.10.win32_1.0.0.202111181127/tools/bin/../lib/gcc/arm-none-eabi/10.3.1/../../../../arm-none-eabi/lib/thumb/v7e-m+dp/hard\libc_nano.a(lib_a-findfp.o)
                0x0000000008008158                __sfp
 .text._fwalk_reent
                0x00000000080081e4       0x3e c:/st/stm32cubeide_1.8.0/stm32cubeide/plugins/com.st.stm32cube.ide.mcu.externaltools.gnu-tools-for-stm32.10.3-2021.10.win32_1.0.0.202111181127/tools/bin/../lib/gcc/arm-none-eabi/10.3.1/../../../../arm-none-eabi/lib/thumb/v7e-m+dp/hard\libc_nano.a(lib_a-fwalk.o)
                0x00000000080081e4                _fwalk_reent
 .text.__retarget_lock_init_recursive
                0x0000000008008222        0x2 c:/st/stm32cubeide_1.8.0/stm32cubeide/plugins/com.st.stm32cube.ide.mcu.externaltools.gnu-tools-for-stm32.10.3-2021.10.win32_1.0.0.202111181127/tools/bin/../lib/gcc/arm-none-eabi/10.3.1/../../../../arm-none-eabi/lib/thumb/v7e-m+dp/hard\libc_nano.a(lib_a-lock.o)
                0x0000000008008222                __retarget_lock_init_recursive
 .text.__retarget_lock_acquire_recursive
                0x0000000008008224        0x2 c:/st/stm32cubeide_1.8.0/stm32cubeide/plugins/com.st.stm32cube.ide.mcu.externaltools.gnu-tools-for-stm32.10.3-2021.10.win32_1.0.0.202111181127/tools/bin/../lib/gcc/arm-none-eabi/10.3.1/../../../../arm-none-eabi/lib/thumb/v7e-m+dp/hard\libc_nano.a(lib_a-lock.o)
                0x0000000008008224                __retarget_lock_acquire_recursive
 .text.__retarget_lock_release_recursive
                0x0000000008008226        0x2 c:/st/stm32cubeide_1.8.0/stm32cubeide/plugins/com.st.stm32cube.ide.mcu.externaltools.gnu-tools-for-stm32.10.3-2021.10.win32_1.0.0.202111181127/tools/bin/../lib/gcc/arm-none-eabi/10.3.1/../../../../arm-none-eabi/lib/thumb/v7e-m+dp/hard\libc_nano.a(lib_a-lock.o)
                0x0000000008008226                __retarget_lock_release_recursive
 .text.__swhatbuf_r
                0x0000000008008228       0x4a c:/st/stm32cubeide_1.8.0/stm32cubeide/plugins/com.st.stm32cube.ide.mcu.externaltools.gnu-tools-for-stm32.10.3-2021.10.win32_1.0.0.202111181127/tools/bin/../lib/gcc/arm-none-eabi/10.3.1/../../../../arm-none-eabi/lib/thumb/v7e-m+dp/hard\libc_nano.a(lib_a-makebuf.o)
                0x0000000008008228                __swhatbuf_r
 *fill*         0x0000000008008272        0x2 
 .text.__smakebuf_r
                0x0000000008008274       0x80 c:/st/stm32cubeide_1.8.0/stm32cubeide/plugins/com.st.stm32cube.ide.mcu.externaltools.gnu-tools-for-stm32.10.3-2021.10.win32_1.0.0.202111181127/tools/bin/../lib/gcc/arm-none-eabi/10.3.1/../../../../arm-none-eabi/lib/thumb/v7e-m+dp/hard\libc_nano.a(lib_a-makebuf.o)
                0x0000000008008274                __smakebuf_r
 .text.__malloc_lock
                0x00000000080082f4        0xc c:/st/stm32cubeide_1.8.0/stm32cubeide/plugins/com.st.stm32cube.ide.mcu.externaltools.gnu-tools-for-stm32.10.3-2021.10.win32_1.0.0.202111181127/tools/bin/../lib/gcc/arm-none-eabi/10.3.1/../../../../arm-none-eabi/lib/thumb/v7e-m+dp/hard\libc_nano.a(lib_a-mlock.o)
                0x00000000080082f4                __malloc_lock
 .text.__malloc_unlock
                0x0000000008008300        0xc c:/st/stm32cubeide_1.8.0/stm32cubeide/plugins/com.st.stm32cube.ide.mcu.externaltools.gnu-tools-for-stm32.10.3-2021.10.win32_1.0.0.202111181127/tools/bin/../lib/gcc/arm-none-eabi/10.3.1/../../../../arm-none-eabi/lib/thumb/v7e-m+dp/hard\libc_nano.a(lib_a-mlock.o)
                0x0000000008008300                __malloc_unlock
 .text.__ssputs_r
                0x000000000800830c       0xb6 c:/st/stm32cubeide_1.8.0/stm32cubeide/plugins/com.st.stm32cube.ide.mcu.externaltools.gnu-tools-for-stm32.10.3-2021.10.win32_1.0.0.202111181127/tools/bin/../lib/gcc/arm-none-eabi/10.3.1/../../../../arm-none-eabi/lib/thumb/v7e-m+dp/hard\libc_nano.a(lib_a-nano-svfprintf.o)
                0x000000000800830c                __ssputs_r
 *fill*         0x00000000080083c2        0x2 
 .text._svfprintf_r
                0x00000000080083c4      0x200 c:/st/stm32cubeide_1.8.0/stm32cubeide/plugins/com.st.stm32cube.ide.mcu.externaltools.gnu-tools-for-stm32.10.3-2021.10.win32_1.0.0.202111181127/tools/bin/../lib/gcc/arm-none-eabi/10.3.1/../../../../arm-none-eabi/lib/thumb/v7e-m+dp/hard\libc_nano.a(lib_a-nano-svfprintf.o)
                0x00000000080083c4                _svfiprintf_r
                0x00000000080083c4                _svfprintf_r
 .text._printf_common
                0x00000000080085c4       0xda c:/st/stm32cubeide_1.8.0/stm32cubeide/plugins/com.st.stm32cube.ide.mcu.externaltools.gnu-tools-for-stm32.10.3-2021.10.win32_1.0.0.202111181127/tools/bin/../lib/gcc/arm-none-eabi/10.3.1/../../../../arm-none-eabi/lib/thumb/v7e-m+dp/hard\libc_nano.a(lib_a-nano-vfprintf_i.o)
                0x00000000080085c4                _printf_common
 *fill*         0x000000000800869e        0x2 
 .text._printf_i
                0x00000000080086a0      0x24c c:/st/stm32cubeide_1.8.0/stm32cubeide/plugins/com.st.stm32cube.ide.mcu.externaltools.gnu-tools-for-stm32.10.3-2021.10.win32_1.0.0.202111181127/tools/bin/../lib/gcc/arm-none-eabi/10.3.1/../../../../arm-none-eabi/lib/thumb/v7e-m+dp/hard\libc_nano.a(lib_a-nano-vfprintf_i.o)
                0x00000000080086a0                _printf_i
 .text.__sread  0x00000000080088ec       0x22 c:/st/stm32cubeide_1.8.0/stm32cubeide/plugins/com.st.stm32cube.ide.mcu.externaltools.gnu-tools-for-stm32.10.3-2021.10.win32_1.0.0.202111181127/tools/bin/../lib/gcc/arm-none-eabi/10.3.1/../../../../arm-none-eabi/lib/thumb/v7e-m+dp/hard\libc_nano.a(lib_a-stdio.o)
                0x00000000080088ec                __sread
 .text.__swrite
                0x000000000800890e       0x38 c:/st/stm32cubeide_1.8.0/stm32cubeide/plugins/com.st.stm32cube.ide.mcu.externaltools.gnu-tools-for-stm32.10.3-2021.10.win32_1.0.0.202111181127/tools/bin/../lib/gcc/arm-none-eabi/10.3.1/../../../../arm-none-eabi/lib/thumb/v7e-m+dp/hard\libc_nano.a(lib_a-stdio.o)
                0x000000000800890e                __swrite
 .text.__sseek  0x0000000008008946       0x24 c:/st/stm32cubeide_1.8.0/stm32cubeide/plugins/com.st.stm32cube.ide.mcu.externaltools.gnu-tools-for-stm32.10.3-2021.10.win32_1.0.0.202111181127/tools/bin/../lib/gcc/arm-none-eabi/10.3.1/../../../../arm-none-eabi/lib/thumb/v7e-m+dp/hard\libc_nano.a(lib_a-stdio.o)
                0x0000000008008946                __sseek
 .text.__sclose
                0x000000000800896a        0x8 c:/st/stm32cubeide_1.8.0/stm32cubeide/plugins/com.st.stm32cube.ide.mcu.externaltools.gnu-tools-for-stm32.10.3-2021.10.win32_1.0.0.202111181127/tools/bin/../lib/gcc/arm-none-eabi/10.3.1/../../../../arm-none-eabi/lib/thumb/v7e-m+dp/hard\libc_nano.a(lib_a-stdio.o)
                0x000000000800896a                __sclose
 *fill*         0x0000000008008972        0x2 
 .text._write_r
                0x0000000008008974       0x24 c:/st/stm32cubeide_1.8.0/stm32cubeide/plugins/com.st.stm32cube.ide.mcu.externaltools.gnu-tools-for-stm32.10.3-2021.10.win32_1.0.0.202111181127/tools/bin/../lib/gcc/arm-none-eabi/10.3.1/../../../../arm-none-eabi/lib/thumb/v7e-m+dp/hard\libc_nano.a(lib_a-writer.o)
                0x0000000008008974                _write_r
 .text._close_r
                0x0000000008008998       0x20 c:/st/stm32cubeide_1.8.0/stm32cubeide/plugins/com.st.stm32cube.ide.mcu.externaltools.gnu-tools-for-stm32.10.3-2021.10.win32_1.0.0.202111181127/tools/bin/../lib/gcc/arm-none-eabi/10.3.1/../../../../arm-none-eabi/lib/thumb/v7e-m+dp/hard\libc_nano.a(lib_a-closer.o)
                0x0000000008008998                _close_r
 .text._fstat_r
                0x00000000080089b8       0x24 c:/st/stm32cubeide_1.8.0/stm32cubeide/plugins/com.st.stm32cube.ide.mcu.externaltools.gnu-tools-for-stm32.10.3-2021.10.win32_1.0.0.202111181127/tools/bin/../lib/gcc/arm-none-eabi/10.3.1/../../../../arm-none-eabi/lib/thumb/v7e-m+dp/hard\libc_nano.a(lib_a-fstatr.o)
                0x00000000080089b8                _fstat_r
 .text._isatty_r
                0x00000000080089dc       0x20 c:/st/stm32cubeide_1.8.0/stm32cubeide/plugins/com.st.stm32cube.ide.mcu.externaltools.gnu-tools-for-stm32.10.3-2021.10.win32_1.0.0.202111181127/tools/bin/../lib/gcc/arm-none-eabi/10.3.1/../../../../arm-none-eabi/lib/thumb/v7e-m+dp/hard\libc_nano.a(lib_a-isattyr.o)
                0x00000000080089dc                _isatty_r
 .text._lseek_r
                0x00000000080089fc       0x24 c:/st/stm32cubeide_1.8.0/stm32cubeide/plugins/com.st.stm32cube.ide.mcu.externaltools.gnu-tools-for-stm32.10.3-2021.10.win32_1.0.0.202111181127/tools/bin/../lib/gcc/arm-none-eabi/10.3.1/../../../../arm-none-eabi/lib/thumb/v7e-m+dp/hard\libc_nano.a(lib_a-lseekr.o)
                0x00000000080089fc                _lseek_r
 .text.memmove  0x0000000008008a20       0x34 c:/st/stm32cubeide_1.8.0/stm32cubeide/plugins/com.st.stm32cube.ide.mcu.externaltools.gnu-tools-for-stm32.10.3-2021.10.win32_1.0.0.202111181127/tools/bin/../lib/gcc/arm-none-eabi/10.3.1/../../../../arm-none-eabi/lib/thumb/v7e-m+dp/hard\libc_nano.a(lib_a-memmove.o)
                0x0000000008008a20                memmove
 .text._realloc_r
                0x0000000008008a54       0x5e c:/st/stm32cubeide_1.8.0/stm32cubeide/plugins/com.st.stm32cube.ide.mcu.externaltools.gnu-tools-for-stm32.10.3-2021.10.win32_1.0.0.202111181127/tools/bin/../lib/gcc/arm-none-eabi/10.3.1/../../../../arm-none-eabi/lib/thumb/v7e-m+dp/hard\libc_nano.a(lib_a-nano-reallocr.o)
                0x0000000008008a54                _realloc_r
 *fill*         0x0000000008008ab2        0x2 
 .text._read_r  0x0000000008008ab4       0x24 c:/st/stm32cubeide_1.8.0/stm32cubeide/plugins/com.st.stm32cube.ide.mcu.externaltools.gnu-tools-for-stm32.10.3-2021.10.win32_1.0.0.202111181127/tools/bin/../lib/gcc/arm-none-eabi/10.3.1/../../../../arm-none-eabi/lib/thumb/v7e-m+dp/hard\libc_nano.a(lib_a-readr.o)
                0x0000000008008ab4                _read_r
 .text._malloc_usable_size_r
                0x0000000008008ad8       0x10 c:/st/stm32cubeide_1.8.0/stm32cubeide/plugins/com.st.stm32cube.ide.mcu.externaltools.gnu-tools-for-stm32.10.3-2021.10.win32_1.0.0.202111181127/tools/bin/../lib/gcc/arm-none-eabi/10.3.1/../../../../arm-none-eabi/lib/thumb/v7e-m+dp/hard\libc_nano.a(lib_a-nano-msizer.o)
                0x0000000008008ad8                _malloc_usable_size_r
 *(.glue_7)
 .glue_7        0x0000000008008ae8        0x0 linker stubs
 *(.glue_7t)
 .glue_7t       0x0000000008008ae8        0x0 linker stubs
 *(.eh_frame)
 .eh_frame      0x0000000008008ae8        0x0 c:/st/stm32cubeide_1.8.0/stm32cubeide/plugins/com.st.stm32cube.ide.mcu.externaltools.gnu-tools-for-stm32.10.3-2021.10.win32_1.0.0.202111181127/tools/bin/../lib/gcc/arm-none-eabi/10.3.1/thumb/v7e-m+dp/hard/crtbegin.o
 *(.init)
 .init          0x0000000008008ae8        0x4 c:/st/stm32cubeide_1.8.0/stm32cubeide/plugins/com.st.stm32cube.ide.mcu.externaltools.gnu-tools-for-stm32.10.3-2021.10.win32_1.0.0.202111181127/tools/bin/../lib/gcc/arm-none-eabi/10.3.1/thumb/v7e-m+dp/hard/crti.o
                0x0000000008008ae8                _init
 .init          0x0000000008008aec        0x8 c:/st/stm32cubeide_1.8.0/stm32cubeide/plugins/com.st.stm32cube.ide.mcu.externaltools.gnu-tools-for-stm32.10.3-2021.10.win32_1.0.0.202111181127/tools/bin/../lib/gcc/arm-none-eabi/10.3.1/thumb/v7e-m+dp/hard/crtn.o
 *(.fini)
 .fini          0x0000000008008af4        0x4 c:/st/stm32cubeide_1.8.0/stm32cubeide/plugins/com.st.stm32cube.ide.mcu.externaltools.gnu-tools-for-stm32.10.3-2021.10.win32_1.0.0.202111181127/tools/bin/../lib/gcc/arm-none-eabi/10.3.1/thumb/v7e-m+dp/hard/crti.o
                0x0000000008008af4                _fini
 .fini          0x0000000008008af8        0x8 c:/st/stm32cubeide_1.8.0/stm32cubeide/plugins/com.st.stm32cube.ide.mcu.externaltools.gnu-tools-for-stm32.10.3-2021.10.win32_1.0.0.202111181127/tools/bin/../lib/gcc/arm-none-eabi/10.3.1/thumb/v7e-m+dp/hard/crtn.o
                0x0000000008008b00                . = ALIGN (0x4)
                0x0000000008008b00                _etext = .

.vfp11_veneer   0x0000000008008b00        0x0
 .vfp11_veneer  0x0000000008008b00        0x0 linker stubs

.v4_bx          0x0000000008008b00        0x0
 .v4_bx         0x0000000008008b00        0x0 linker stubs

.iplt           0x0000000008008b00        0x0
 .iplt          0x0000000008008b00        0x0 c:/st/stm32cubeide_1.8.0/stm32cubeide/plugins/com.st.stm32cube.ide.mcu.externaltools.gnu-tools-for-stm32.10.3-2021.10.win32_1.0.0.202111181127/tools/bin/../lib/gcc/arm-none-eabi/10.3.1/thumb/v7e-m+dp/hard/crtbegin.o

.rodata         0x0000000008008b00      0x904
                0x0000000008008b00                . = ALIGN (0x4)
 *(.rodata)
 .rodata        0x0000000008008b00      0x38b ./Core/Src/main.o
 *(.rodata*)
 *fill*         0x0000000008008e8b        0x1 
 .rodata.AHBPrescTable
                0x0000000008008e8c       0x10 ./Core/Src/system_stm32f7xx.o
                0x0000000008008e8c                AHBPrescTable
 .rodata.APBPrescTable
                0x0000000008008e9c        0x8 ./Core/Src/system_stm32f7xx.o
                0x0000000008008e9c                APBPrescTable
 .rodata.Zig    0x0000000008008ea4       0x40 ./Core/tjpg/tjpgd.o
 .rodata.Ipsf   0x0000000008008ee4       0x80 ./Core/tjpg/tjpgd.o
 .rodata.Clip8  0x0000000008008f64      0x400 ./Core/tjpg/tjpgd.o
 .rodata.flagBitshiftOffset.0
                0x0000000008009364        0x8 ./Drivers/STM32F7xx_HAL_Driver/Src/stm32f7xx_hal_dma.o
 .rodata._global_impure_ptr
                0x000000000800936c        0x4 c:/st/stm32cubeide_1.8.0/stm32cubeide/plugins/com.st.stm32cube.ide.mcu.externaltools.gnu-tools-for-stm32.10.3-2021.10.win32_1.0.0.202111181127/tools/bin/../lib/gcc/arm-none-eabi/10.3.1/../../../../arm-none-eabi/lib/thumb/v7e-m+dp/hard\libc_nano.a(lib_a-impure.o)
                0x000000000800936c                _global_impure_ptr
 .rodata.__sf_fake_stderr
                0x0000000008009370       0x20 c:/st/stm32cubeide_1.8.0/stm32cubeide/plugins/com.st.stm32cube.ide.mcu.externaltools.gnu-tools-for-stm32.10.3-2021.10.win32_1.0.0.202111181127/tools/bin/../lib/gcc/arm-none-eabi/10.3.1/../../../../arm-none-eabi/lib/thumb/v7e-m+dp/hard\libc_nano.a(lib_a-findfp.o)
                0x0000000008009370                __sf_fake_stderr
 .rodata.__sf_fake_stdin
                0x0000000008009390       0x20 c:/st/stm32cubeide_1.8.0/stm32cubeide/plugins/com.st.stm32cube.ide.mcu.externaltools.gnu-tools-for-stm32.10.3-2021.10.win32_1.0.0.202111181127/tools/bin/../lib/gcc/arm-none-eabi/10.3.1/../../../../arm-none-eabi/lib/thumb/v7e-m+dp/hard\libc_nano.a(lib_a-findfp.o)
                0x0000000008009390                __sf_fake_stdin
 .rodata.__sf_fake_stdout
                0x00000000080093b0       0x20 c:/st/stm32cubeide_1.8.0/stm32cubeide/plugins/com.st.stm32cube.ide.mcu.externaltools.gnu-tools-for-stm32.10.3-2021.10.win32_1.0.0.202111181127/tools/bin/../lib/gcc/arm-none-eabi/10.3.1/../../../../arm-none-eabi/lib/thumb/v7e-m+dp/hard\libc_nano.a(lib_a-findfp.o)
                0x00000000080093b0                __sf_fake_stdout
 .rodata._svfprintf_r.str1.1
                0x00000000080093d0       0x11 c:/st/stm32cubeide_1.8.0/stm32cubeide/plugins/com.st.stm32cube.ide.mcu.externaltools.gnu-tools-for-stm32.10.3-2021.10.win32_1.0.0.202111181127/tools/bin/../lib/gcc/arm-none-eabi/10.3.1/../../../../arm-none-eabi/lib/thumb/v7e-m+dp/hard\libc_nano.a(lib_a-nano-svfprintf.o)
 .rodata._printf_i.str1.1
                0x00000000080093e1       0x22 c:/st/stm32cubeide_1.8.0/stm32cubeide/plugins/com.st.stm32cube.ide.mcu.externaltools.gnu-tools-for-stm32.10.3-2021.10.win32_1.0.0.202111181127/tools/bin/../lib/gcc/arm-none-eabi/10.3.1/../../../../arm-none-eabi/lib/thumb/v7e-m+dp/hard\libc_nano.a(lib_a-nano-vfprintf_i.o)
                0x0000000008009404                . = ALIGN (0x4)
 *fill*         0x0000000008009403        0x1 

.ARM.extab      0x0000000008009404        0x0
                0x0000000008009404                . = ALIGN (0x4)
 *(.ARM.extab* .gnu.linkonce.armextab.*)
                0x0000000008009404                . = ALIGN (0x4)

.ARM            0x0000000008009404        0x8
                0x0000000008009404                . = ALIGN (0x4)
                0x0000000008009404                __exidx_start = .
 *(.ARM.exidx*)
 .ARM.exidx     0x0000000008009404        0x8 c:/st/stm32cubeide_1.8.0/stm32cubeide/plugins/com.st.stm32cube.ide.mcu.externaltools.gnu-tools-for-stm32.10.3-2021.10.win32_1.0.0.202111181127/tools/bin/../lib/gcc/arm-none-eabi/10.3.1/thumb/v7e-m+dp/hard\libgcc.a(_udivmoddi4.o)
                0x000000000800940c                __exidx_end = .
                0x000000000800940c                . = ALIGN (0x4)

.rel.dyn        0x000000000800940c        0x0
 .rel.iplt      0x000000000800940c        0x0 c:/st/stm32cubeide_1.8.0/stm32cubeide/plugins/com.st.stm32cube.ide.mcu.externaltools.gnu-tools-for-stm32.10.3-2021.10.win32_1.0.0.202111181127/tools/bin/../lib/gcc/arm-none-eabi/10.3.1/thumb/v7e-m+dp/hard/crtbegin.o

.preinit_array  0x000000000800940c        0x0
                0x000000000800940c                . = ALIGN (0x4)
                0x000000000800940c                PROVIDE (__preinit_array_start = .)
 *(.preinit_array*)
                0x000000000800940c                PROVIDE (__preinit_array_end = .)
                0x000000000800940c                . = ALIGN (0x4)

.init_array     0x000000000800940c        0x4
                0x000000000800940c                . = ALIGN (0x4)
                0x000000000800940c                PROVIDE (__init_array_start = .)
 *(SORT_BY_NAME(.init_array.*))
 *(.init_array*)
 .init_array    0x000000000800940c        0x4 c:/st/stm32cubeide_1.8.0/stm32cubeide/plugins/com.st.stm32cube.ide.mcu.externaltools.gnu-tools-for-stm32.10.3-2021.10.win32_1.0.0.202111181127/tools/bin/../lib/gcc/arm-none-eabi/10.3.1/thumb/v7e-m+dp/hard/crtbegin.o
                0x0000000008009410                PROVIDE (__init_array_end = .)
                0x0000000008009410                . = ALIGN (0x4)

.fini_array     0x0000000008009410        0x4
                0x0000000008009410                . = ALIGN (0x4)
                [!provide]                        PROVIDE (__fini_array_start = .)
 *(SORT_BY_NAME(.fini_array.*))
 *(.fini_array*)
 .fini_array    0x0000000008009410        0x4 c:/st/stm32cubeide_1.8.0/stm32cubeide/plugins/com.st.stm32cube.ide.mcu.externaltools.gnu-tools-for-stm32.10.3-2021.10.win32_1.0.0.202111181127/tools/bin/../lib/gcc/arm-none-eabi/10.3.1/thumb/v7e-m+dp/hard/crtbegin.o
                [!provide]                        PROVIDE (__fini_array_end = .)
                0x0000000008009414                . = ALIGN (0x4)
                0x0000000008009414                _sidata = LOADADDR (.data)

.data           0x0000000020000000     0x3f8c load address 0x0000000008009414
                0x0000000020000000                . = ALIGN (0x4)
                0x0000000020000000                _sdata = .
 *(.data)
 *(.data*)
 .data.Earth    0x0000000020000000     0x3f1b ./Core/Src/main.o
                0x0000000020000000                Earth
 *fill*         0x0000000020003f1b        0x1 
 .data.SystemCoreClock
                0x0000000020003f1c        0x4 ./Core/Src/system_stm32f7xx.o
                0x0000000020003f1c                SystemCoreClock
 .data.uwTickPrio
                0x0000000020003f20        0x4 ./Drivers/STM32F7xx_HAL_Driver/Src/stm32f7xx_hal.o
                0x0000000020003f20                uwTickPrio
 .data.uwTickFreq
                0x0000000020003f24        0x1 ./Drivers/STM32F7xx_HAL_Driver/Src/stm32f7xx_hal.o
                0x0000000020003f24                uwTickFreq
 *fill*         0x0000000020003f25        0x3 
 .data._impure_ptr
                0x0000000020003f28        0x4 c:/st/stm32cubeide_1.8.0/stm32cubeide/plugins/com.st.stm32cube.ide.mcu.externaltools.gnu-tools-for-stm32.10.3-2021.10.win32_1.0.0.202111181127/tools/bin/../lib/gcc/arm-none-eabi/10.3.1/../../../../arm-none-eabi/lib/thumb/v7e-m+dp/hard\libc_nano.a(lib_a-impure.o)
                0x0000000020003f28                _impure_ptr
 .data.impure_data
                0x0000000020003f2c       0x60 c:/st/stm32cubeide_1.8.0/stm32cubeide/plugins/com.st.stm32cube.ide.mcu.externaltools.gnu-tools-for-stm32.10.3-2021.10.win32_1.0.0.202111181127/tools/bin/../lib/gcc/arm-none-eabi/10.3.1/../../../../arm-none-eabi/lib/thumb/v7e-m+dp/hard\libc_nano.a(lib_a-impure.o)
 *(.RamFunc)
 *(.RamFunc*)
                0x0000000020003f8c                . = ALIGN (0x4)
                0x0000000020003f8c                _edata = .

.igot.plt       0x0000000020003f8c        0x0 load address 0x000000000800d3a0
 .igot.plt      0x0000000020003f8c        0x0 c:/st/stm32cubeide_1.8.0/stm32cubeide/plugins/com.st.stm32cube.ide.mcu.externaltools.gnu-tools-for-stm32.10.3-2021.10.win32_1.0.0.202111181127/tools/bin/../lib/gcc/arm-none-eabi/10.3.1/thumb/v7e-m+dp/hard/crtbegin.o
                0x0000000020003f8c                . = ALIGN (0x4)

.bss            0x0000000020003f8c      0x3d8 load address 0x000000000800d3a0
                0x0000000020003f8c                _sbss = .
                0x0000000020003f8c                __bss_start__ = _sbss
 *(.bss)
 .bss           0x0000000020003f8c       0x1c c:/st/stm32cubeide_1.8.0/stm32cubeide/plugins/com.st.stm32cube.ide.mcu.externaltools.gnu-tools-for-stm32.10.3-2021.10.win32_1.0.0.202111181127/tools/bin/../lib/gcc/arm-none-eabi/10.3.1/thumb/v7e-m+dp/hard/crtbegin.o
 *(.bss*)
 .bss.compression_ratio
                0x0000000020003fa8        0x4 ./Core/Src/main.o
                0x0000000020003fa8                compression_ratio
 .bss.StringLength
                0x0000000020003fac        0x1 ./Core/Src/main.o
                0x0000000020003fac                StringLength
 *fill*         0x0000000020003fad        0x3 
 .bss.txString  0x0000000020003fb0       0x32 ./Core/Src/main.o
                0x0000000020003fb0                txString
 .bss.handshakeCAM
                0x0000000020003fe2        0x1 ./Core/Src/main.o
                0x0000000020003fe2                handshakeCAM
 *fill*         0x0000000020003fe3        0x1 
 .bss.Width     0x0000000020003fe4        0x4 ./Core/Src/main.o
                0x0000000020003fe4                Width
 .bss.Height    0x0000000020003fe8        0x4 ./Core/Src/main.o
                0x0000000020003fe8                Height
 .bss.count     0x0000000020003fec        0x4 ./Core/Src/main.o
                0x0000000020003fec                count
 .bss.hqspi     0x0000000020003ff0       0x4c ./Core/Src/quadspi.o
                0x0000000020003ff0                hqspi
 .bss.hspi1     0x000000002000403c       0x64 ./Core/Src/spi.o
                0x000000002000403c                hspi1
 .bss.hspi3     0x00000000200040a0       0x64 ./Core/Src/spi.o
                0x00000000200040a0                hspi3
 .bss.hspi4     0x0000000020004104       0x64 ./Core/Src/spi.o
                0x0000000020004104                hspi4
 .bss.__sbrk_heap_end
                0x0000000020004168        0x4 ./Core/Src/sysmem.o
 .bss.htim14    0x000000002000416c       0x4c ./Core/Src/tim.o
                0x000000002000416c                htim14
 .bss.huart1    0x00000000200041b8       0x88 ./Core/Src/usart.o
                0x00000000200041b8                huart1
 .bss.huart2    0x0000000020004240       0x88 ./Core/Src/usart.o
                0x0000000020004240                huart2
 .bss.hdma_usart1_rx
                0x00000000200042c8       0x60 ./Core/Src/usart.o
                0x00000000200042c8                hdma_usart1_rx
 .bss.w25qxx    0x0000000020004328       0x28 ./Core/Src/w25qxx.o
                0x0000000020004328                w25qxx
 .bss.uwTick    0x0000000020004350        0x4 ./Drivers/STM32F7xx_HAL_Driver/Src/stm32f7xx_hal.o
                0x0000000020004350                uwTick
 .bss.__malloc_free_list
                0x0000000020004354        0x4 c:/st/stm32cubeide_1.8.0/stm32cubeide/plugins/com.st.stm32cube.ide.mcu.externaltools.gnu-tools-for-stm32.10.3-2021.10.win32_1.0.0.202111181127/tools/bin/../lib/gcc/arm-none-eabi/10.3.1/../../../../arm-none-eabi/lib/thumb/v7e-m+dp/hard\libc_nano.a(lib_a-nano-mallocr.o)
                0x0000000020004354                __malloc_free_list
 .bss.__malloc_sbrk_start
                0x0000000020004358        0x4 c:/st/stm32cubeide_1.8.0/stm32cubeide/plugins/com.st.stm32cube.ide.mcu.externaltools.gnu-tools-for-stm32.10.3-2021.10.win32_1.0.0.202111181127/tools/bin/../lib/gcc/arm-none-eabi/10.3.1/../../../../arm-none-eabi/lib/thumb/v7e-m+dp/hard\libc_nano.a(lib_a-nano-mallocr.o)
                0x0000000020004358                __malloc_sbrk_start
 .bss.__lock___malloc_recursive_mutex
                0x000000002000435c        0x1 c:/st/stm32cubeide_1.8.0/stm32cubeide/plugins/com.st.stm32cube.ide.mcu.externaltools.gnu-tools-for-stm32.10.3-2021.10.win32_1.0.0.202111181127/tools/bin/../lib/gcc/arm-none-eabi/10.3.1/../../../../arm-none-eabi/lib/thumb/v7e-m+dp/hard\libc_nano.a(lib_a-lock.o)
                0x000000002000435c                __lock___malloc_recursive_mutex
 .bss.__lock___sfp_recursive_mutex
                0x000000002000435d        0x1 c:/st/stm32cubeide_1.8.0/stm32cubeide/plugins/com.st.stm32cube.ide.mcu.externaltools.gnu-tools-for-stm32.10.3-2021.10.win32_1.0.0.202111181127/tools/bin/../lib/gcc/arm-none-eabi/10.3.1/../../../../arm-none-eabi/lib/thumb/v7e-m+dp/hard\libc_nano.a(lib_a-lock.o)
                0x000000002000435d                __lock___sfp_recursive_mutex
 .bss.__lock___sinit_recursive_mutex
                0x000000002000435e        0x1 c:/st/stm32cubeide_1.8.0/stm32cubeide/plugins/com.st.stm32cube.ide.mcu.externaltools.gnu-tools-for-stm32.10.3-2021.10.win32_1.0.0.202111181127/tools/bin/../lib/gcc/arm-none-eabi/10.3.1/../../../../arm-none-eabi/lib/thumb/v7e-m+dp/hard\libc_nano.a(lib_a-lock.o)
                0x000000002000435e                __lock___sinit_recursive_mutex
 *fill*         0x000000002000435f        0x1 
 .bss.errno     0x0000000020004360        0x4 c:/st/stm32cubeide_1.8.0/stm32cubeide/plugins/com.st.stm32cube.ide.mcu.externaltools.gnu-tools-for-stm32.10.3-2021.10.win32_1.0.0.202111181127/tools/bin/../lib/gcc/arm-none-eabi/10.3.1/../../../../arm-none-eabi/lib/thumb/v7e-m+dp/hard\libc_nano.a(lib_a-reent.o)
                0x0000000020004360                errno
 *(COMMON)
                0x0000000020004364                . = ALIGN (0x4)
                0x0000000020004364                _ebss = .
                0x0000000020004364                __bss_end__ = _ebss

._user_heap_stack
                0x0000000020004364      0x604 load address 0x000000000800d3a0
                0x0000000020004368                . = ALIGN (0x8)
 *fill*         0x0000000020004364        0x4 
                [!provide]                        PROVIDE (end = .)
                0x0000000020004368                PROVIDE (_end = .)
                0x0000000020004568                . = (. + _Min_Heap_Size)
 *fill*         0x0000000020004368      0x200 
                0x0000000020004968                . = (. + _Min_Stack_Size)
 *fill*         0x0000000020004568      0x400 
                0x0000000020004968                . = ALIGN (0x8)

/DISCARD/
 libc.a(*)
 libm.a(*)
 libgcc.a(*)

.ARM.attributes
                0x0000000000000000       0x2e
 *(.ARM.attributes)
 .ARM.attributes
                0x0000000000000000       0x1e c:/st/stm32cubeide_1.8.0/stm32cubeide/plugins/com.st.stm32cube.ide.mcu.externaltools.gnu-tools-for-stm32.10.3-2021.10.win32_1.0.0.202111181127/tools/bin/../lib/gcc/arm-none-eabi/10.3.1/thumb/v7e-m+dp/hard/crti.o
 .ARM.attributes
                0x000000000000001e       0x32 c:/st/stm32cubeide_1.8.0/stm32cubeide/plugins/com.st.stm32cube.ide.mcu.externaltools.gnu-tools-for-stm32.10.3-2021.10.win32_1.0.0.202111181127/tools/bin/../lib/gcc/arm-none-eabi/10.3.1/thumb/v7e-m+dp/hard/crtbegin.o
 .ARM.attributes
                0x0000000000000050       0x32 ./Core/Src/dma.o
 .ARM.attributes
                0x0000000000000082       0x32 ./Core/Src/gpio.o
 .ARM.attributes
                0x00000000000000b4       0x32 ./Core/Src/main.o
 .ARM.attributes
                0x00000000000000e6       0x32 ./Core/Src/quadspi.o
 .ARM.attributes
                0x0000000000000118       0x32 ./Core/Src/spi.o
 .ARM.attributes
                0x000000000000014a       0x32 ./Core/Src/stm32f7xx_hal_msp.o
 .ARM.attributes
                0x000000000000017c       0x32 ./Core/Src/stm32f7xx_it.o
 .ARM.attributes
                0x00000000000001ae       0x32 ./Core/Src/syscalls.o
 .ARM.attributes
                0x00000000000001e0       0x32 ./Core/Src/sysmem.o
 .ARM.attributes
                0x0000000000000212       0x32 ./Core/Src/system_stm32f7xx.o
 .ARM.attributes
                0x0000000000000244       0x32 ./Core/Src/tim.o
 .ARM.attributes
                0x0000000000000276       0x32 ./Core/Src/usart.o
 .ARM.attributes
                0x00000000000002a8       0x32 ./Core/Src/w25qxx.o
 .ARM.attributes
                0x00000000000002da       0x21 ./Core/Startup/startup_stm32f767bitx.o
 .ARM.attributes
                0x00000000000002fb       0x32 ./Core/tjpg/tjpgd.o
 .ARM.attributes
                0x000000000000032d       0x32 ./Drivers/STM32F7xx_HAL_Driver/Src/stm32f7xx_hal.o
 .ARM.attributes
                0x000000000000035f       0x32 ./Drivers/STM32F7xx_HAL_Driver/Src/stm32f7xx_hal_cortex.o
 .ARM.attributes
                0x0000000000000391       0x32 ./Drivers/STM32F7xx_HAL_Driver/Src/stm32f7xx_hal_dma.o
 .ARM.attributes
                0x00000000000003c3       0x32 ./Drivers/STM32F7xx_HAL_Driver/Src/stm32f7xx_hal_gpio.o
 .ARM.attributes
                0x00000000000003f5       0x32 ./Drivers/STM32F7xx_HAL_Driver/Src/stm32f7xx_hal_qspi.o
 .ARM.attributes
                0x0000000000000427       0x32 ./Drivers/STM32F7xx_HAL_Driver/Src/stm32f7xx_hal_rcc.o
 .ARM.attributes
                0x0000000000000459       0x32 ./Drivers/STM32F7xx_HAL_Driver/Src/stm32f7xx_hal_rcc_ex.o
 .ARM.attributes
                0x000000000000048b       0x32 ./Drivers/STM32F7xx_HAL_Driver/Src/stm32f7xx_hal_spi.o
 .ARM.attributes
                0x00000000000004bd       0x32 ./Drivers/STM32F7xx_HAL_Driver/Src/stm32f7xx_hal_tim.o
 .ARM.attributes
                0x00000000000004ef       0x32 ./Drivers/STM32F7xx_HAL_Driver/Src/stm32f7xx_hal_uart.o
 .ARM.attributes
                0x0000000000000521       0x32 c:/st/stm32cubeide_1.8.0/stm32cubeide/plugins/com.st.stm32cube.ide.mcu.externaltools.gnu-tools-for-stm32.10.3-2021.10.win32_1.0.0.202111181127/tools/bin/../lib/gcc/arm-none-eabi/10.3.1/../../../../arm-none-eabi/lib/thumb/v7e-m+dp/hard\libc_nano.a(lib_a-errno.o)
 .ARM.attributes
                0x0000000000000553       0x32 c:/st/stm32cubeide_1.8.0/stm32cubeide/plugins/com.st.stm32cube.ide.mcu.externaltools.gnu-tools-for-stm32.10.3-2021.10.win32_1.0.0.202111181127/tools/bin/../lib/gcc/arm-none-eabi/10.3.1/../../../../arm-none-eabi/lib/thumb/v7e-m+dp/hard\libc_nano.a(lib_a-impure.o)
 .ARM.attributes
                0x0000000000000585       0x32 c:/st/stm32cubeide_1.8.0/stm32cubeide/plugins/com.st.stm32cube.ide.mcu.externaltools.gnu-tools-for-stm32.10.3-2021.10.win32_1.0.0.202111181127/tools/bin/../lib/gcc/arm-none-eabi/10.3.1/../../../../arm-none-eabi/lib/thumb/v7e-m+dp/hard\libc_nano.a(lib_a-init.o)
 .ARM.attributes
                0x00000000000005b7       0x32 c:/st/stm32cubeide_1.8.0/stm32cubeide/plugins/com.st.stm32cube.ide.mcu.externaltools.gnu-tools-for-stm32.10.3-2021.10.win32_1.0.0.202111181127/tools/bin/../lib/gcc/arm-none-eabi/10.3.1/../../../../arm-none-eabi/lib/thumb/v7e-m+dp/hard\libc_nano.a(lib_a-malloc.o)
 .ARM.attributes
                0x00000000000005e9       0x32 c:/st/stm32cubeide_1.8.0/stm32cubeide/plugins/com.st.stm32cube.ide.mcu.externaltools.gnu-tools-for-stm32.10.3-2021.10.win32_1.0.0.202111181127/tools/bin/../lib/gcc/arm-none-eabi/10.3.1/../../../../arm-none-eabi/lib/thumb/v7e-m+dp/hard\libc_nano.a(lib_a-memcpy-stub.o)
 .ARM.attributes
                0x000000000000061b       0x32 c:/st/stm32cubeide_1.8.0/stm32cubeide/plugins/com.st.stm32cube.ide.mcu.externaltools.gnu-tools-for-stm32.10.3-2021.10.win32_1.0.0.202111181127/tools/bin/../lib/gcc/arm-none-eabi/10.3.1/../../../../arm-none-eabi/lib/thumb/v7e-m+dp/hard\libc_nano.a(lib_a-memset.o)
 .ARM.attributes
                0x000000000000064d       0x32 c:/st/stm32cubeide_1.8.0/stm32cubeide/plugins/com.st.stm32cube.ide.mcu.externaltools.gnu-tools-for-stm32.10.3-2021.10.win32_1.0.0.202111181127/tools/bin/../lib/gcc/arm-none-eabi/10.3.1/../../../../arm-none-eabi/lib/thumb/v7e-m+dp/hard\libc_nano.a(lib_a-nano-freer.o)
 .ARM.attributes
                0x000000000000067f       0x32 c:/st/stm32cubeide_1.8.0/stm32cubeide/plugins/com.st.stm32cube.ide.mcu.externaltools.gnu-tools-for-stm32.10.3-2021.10.win32_1.0.0.202111181127/tools/bin/../lib/gcc/arm-none-eabi/10.3.1/../../../../arm-none-eabi/lib/thumb/v7e-m+dp/hard\libc_nano.a(lib_a-nano-mallocr.o)
 .ARM.attributes
                0x00000000000006b1       0x32 c:/st/stm32cubeide_1.8.0/stm32cubeide/plugins/com.st.stm32cube.ide.mcu.externaltools.gnu-tools-for-stm32.10.3-2021.10.win32_1.0.0.202111181127/tools/bin/../lib/gcc/arm-none-eabi/10.3.1/../../../../arm-none-eabi/lib/thumb/v7e-m+dp/hard\libc_nano.a(lib_a-puts.o)
 .ARM.attributes
                0x00000000000006e3       0x32 c:/st/stm32cubeide_1.8.0/stm32cubeide/plugins/com.st.stm32cube.ide.mcu.externaltools.gnu-tools-for-stm32.10.3-2021.10.win32_1.0.0.202111181127/tools/bin/../lib/gcc/arm-none-eabi/10.3.1/../../../../arm-none-eabi/lib/thumb/v7e-m+dp/hard\libc_nano.a(lib_a-sbrkr.o)
 .ARM.attributes
                0x0000000000000715       0x32 c:/st/stm32cubeide_1.8.0/stm32cubeide/plugins/com.st.stm32cube.ide.mcu.externaltools.gnu-tools-for-stm32.10.3-2021.10.win32_1.0.0.202111181127/tools/bin/../lib/gcc/arm-none-eabi/10.3.1/../../../../arm-none-eabi/lib/thumb/v7e-m+dp/hard\libc_nano.a(lib_a-sprintf.o)
 .ARM.attributes
                0x0000000000000747       0x32 c:/st/stm32cubeide_1.8.0/stm32cubeide/plugins/com.st.stm32cube.ide.mcu.externaltools.gnu-tools-for-stm32.10.3-2021.10.win32_1.0.0.202111181127/tools/bin/../lib/gcc/arm-none-eabi/10.3.1/../../../../arm-none-eabi/lib/thumb/v7e-m+dp/hard\libc_nano.a(lib_a-wbuf.o)
 .ARM.attributes
                0x0000000000000779       0x32 c:/st/stm32cubeide_1.8.0/stm32cubeide/plugins/com.st.stm32cube.ide.mcu.externaltools.gnu-tools-for-stm32.10.3-2021.10.win32_1.0.0.202111181127/tools/bin/../lib/gcc/arm-none-eabi/10.3.1/../../../../arm-none-eabi/lib/thumb/v7e-m+dp/hard\libc_nano.a(lib_a-wsetup.o)
 .ARM.attributes
                0x00000000000007ab       0x32 c:/st/stm32cubeide_1.8.0/stm32cubeide/plugins/com.st.stm32cube.ide.mcu.externaltools.gnu-tools-for-stm32.10.3-2021.10.win32_1.0.0.202111181127/tools/bin/../lib/gcc/arm-none-eabi/10.3.1/../../../../arm-none-eabi/lib/thumb/v7e-m+dp/hard\libc_nano.a(lib_a-fflush.o)
 .ARM.attributes
                0x00000000000007dd       0x32 c:/st/stm32cubeide_1.8.0/stm32cubeide/plugins/com.st.stm32cube.ide.mcu.externaltools.gnu-tools-for-stm32.10.3-2021.10.win32_1.0.0.202111181127/tools/bin/../lib/gcc/arm-none-eabi/10.3.1/../../../../arm-none-eabi/lib/thumb/v7e-m+dp/hard\libc_nano.a(lib_a-findfp.o)
 .ARM.attributes
                0x000000000000080f       0x32 c:/st/stm32cubeide_1.8.0/stm32cubeide/plugins/com.st.stm32cube.ide.mcu.externaltools.gnu-tools-for-stm32.10.3-2021.10.win32_1.0.0.202111181127/tools/bin/../lib/gcc/arm-none-eabi/10.3.1/../../../../arm-none-eabi/lib/thumb/v7e-m+dp/hard\libc_nano.a(lib_a-fwalk.o)
 .ARM.attributes
                0x0000000000000841       0x32 c:/st/stm32cubeide_1.8.0/stm32cubeide/plugins/com.st.stm32cube.ide.mcu.externaltools.gnu-tools-for-stm32.10.3-2021.10.win32_1.0.0.202111181127/tools/bin/../lib/gcc/arm-none-eabi/10.3.1/../../../../arm-none-eabi/lib/thumb/v7e-m+dp/hard\libc_nano.a(lib_a-lock.o)
 .ARM.attributes
                0x0000000000000873       0x32 c:/st/stm32cubeide_1.8.0/stm32cubeide/plugins/com.st.stm32cube.ide.mcu.externaltools.gnu-tools-for-stm32.10.3-2021.10.win32_1.0.0.202111181127/tools/bin/../lib/gcc/arm-none-eabi/10.3.1/../../../../arm-none-eabi/lib/thumb/v7e-m+dp/hard\libc_nano.a(lib_a-makebuf.o)
 .ARM.attributes
                0x00000000000008a5       0x32 c:/st/stm32cubeide_1.8.0/stm32cubeide/plugins/com.st.stm32cube.ide.mcu.externaltools.gnu-tools-for-stm32.10.3-2021.10.win32_1.0.0.202111181127/tools/bin/../lib/gcc/arm-none-eabi/10.3.1/../../../../arm-none-eabi/lib/thumb/v7e-m+dp/hard\libc_nano.a(lib_a-mlock.o)
 .ARM.attributes
                0x00000000000008d7       0x32 c:/st/stm32cubeide_1.8.0/stm32cubeide/plugins/com.st.stm32cube.ide.mcu.externaltools.gnu-tools-for-stm32.10.3-2021.10.win32_1.0.0.202111181127/tools/bin/../lib/gcc/arm-none-eabi/10.3.1/../../../../arm-none-eabi/lib/thumb/v7e-m+dp/hard\libc_nano.a(lib_a-nano-svfprintf.o)
 .ARM.attributes
                0x0000000000000909       0x32 c:/st/stm32cubeide_1.8.0/stm32cubeide/plugins/com.st.stm32cube.ide.mcu.externaltools.gnu-tools-for-stm32.10.3-2021.10.win32_1.0.0.202111181127/tools/bin/../lib/gcc/arm-none-eabi/10.3.1/../../../../arm-none-eabi/lib/thumb/v7e-m+dp/hard\libc_nano.a(lib_a-nano-vfprintf_i.o)
 .ARM.attributes
                0x000000000000093b       0x32 c:/st/stm32cubeide_1.8.0/stm32cubeide/plugins/com.st.stm32cube.ide.mcu.externaltools.gnu-tools-for-stm32.10.3-2021.10.win32_1.0.0.202111181127/tools/bin/../lib/gcc/arm-none-eabi/10.3.1/../../../../arm-none-eabi/lib/thumb/v7e-m+dp/hard\libc_nano.a(lib_a-reent.o)
 .ARM.attributes
                0x000000000000096d       0x32 c:/st/stm32cubeide_1.8.0/stm32cubeide/plugins/com.st.stm32cube.ide.mcu.externaltools.gnu-tools-for-stm32.10.3-2021.10.win32_1.0.0.202111181127/tools/bin/../lib/gcc/arm-none-eabi/10.3.1/../../../../arm-none-eabi/lib/thumb/v7e-m+dp/hard\libc_nano.a(lib_a-stdio.o)
 .ARM.attributes
                0x000000000000099f       0x32 c:/st/stm32cubeide_1.8.0/stm32cubeide/plugins/com.st.stm32cube.ide.mcu.externaltools.gnu-tools-for-stm32.10.3-2021.10.win32_1.0.0.202111181127/tools/bin/../lib/gcc/arm-none-eabi/10.3.1/../../../../arm-none-eabi/lib/thumb/v7e-m+dp/hard\libc_nano.a(lib_a-writer.o)
 .ARM.attributes
                0x00000000000009d1       0x32 c:/st/stm32cubeide_1.8.0/stm32cubeide/plugins/com.st.stm32cube.ide.mcu.externaltools.gnu-tools-for-stm32.10.3-2021.10.win32_1.0.0.202111181127/tools/bin/../lib/gcc/arm-none-eabi/10.3.1/../../../../arm-none-eabi/lib/thumb/v7e-m+dp/hard\libc_nano.a(lib_a-closer.o)
 .ARM.attributes
                0x0000000000000a03       0x32 c:/st/stm32cubeide_1.8.0/stm32cubeide/plugins/com.st.stm32cube.ide.mcu.externaltools.gnu-tools-for-stm32.10.3-2021.10.win32_1.0.0.202111181127/tools/bin/../lib/gcc/arm-none-eabi/10.3.1/../../../../arm-none-eabi/lib/thumb/v7e-m+dp/hard\libc_nano.a(lib_a-fstatr.o)
 .ARM.attributes
                0x0000000000000a35       0x32 c:/st/stm32cubeide_1.8.0/stm32cubeide/plugins/com.st.stm32cube.ide.mcu.externaltools.gnu-tools-for-stm32.10.3-2021.10.win32_1.0.0.202111181127/tools/bin/../lib/gcc/arm-none-eabi/10.3.1/../../../../arm-none-eabi/lib/thumb/v7e-m+dp/hard\libc_nano.a(lib_a-isattyr.o)
 .ARM.attributes
                0x0000000000000a67       0x32 c:/st/stm32cubeide_1.8.0/stm32cubeide/plugins/com.st.stm32cube.ide.mcu.externaltools.gnu-tools-for-stm32.10.3-2021.10.win32_1.0.0.202111181127/tools/bin/../lib/gcc/arm-none-eabi/10.3.1/../../../../arm-none-eabi/lib/thumb/v7e-m+dp/hard\libc_nano.a(lib_a-lseekr.o)
 .ARM.attributes
                0x0000000000000a99       0x1c c:/st/stm32cubeide_1.8.0/stm32cubeide/plugins/com.st.stm32cube.ide.mcu.externaltools.gnu-tools-for-stm32.10.3-2021.10.win32_1.0.0.202111181127/tools/bin/../lib/gcc/arm-none-eabi/10.3.1/../../../../arm-none-eabi/lib/thumb/v7e-m+dp/hard\libc_nano.a(lib_a-memchr.o)
 .ARM.attributes
                0x0000000000000ab5       0x32 c:/st/stm32cubeide_1.8.0/stm32cubeide/plugins/com.st.stm32cube.ide.mcu.externaltools.gnu-tools-for-stm32.10.3-2021.10.win32_1.0.0.202111181127/tools/bin/../lib/gcc/arm-none-eabi/10.3.1/../../../../arm-none-eabi/lib/thumb/v7e-m+dp/hard\libc_nano.a(lib_a-memmove.o)
 .ARM.attributes
                0x0000000000000ae7       0x32 c:/st/stm32cubeide_1.8.0/stm32cubeide/plugins/com.st.stm32cube.ide.mcu.externaltools.gnu-tools-for-stm32.10.3-2021.10.win32_1.0.0.202111181127/tools/bin/../lib/gcc/arm-none-eabi/10.3.1/../../../../arm-none-eabi/lib/thumb/v7e-m+dp/hard\libc_nano.a(lib_a-nano-reallocr.o)
 .ARM.attributes
                0x0000000000000b19       0x32 c:/st/stm32cubeide_1.8.0/stm32cubeide/plugins/com.st.stm32cube.ide.mcu.externaltools.gnu-tools-for-stm32.10.3-2021.10.win32_1.0.0.202111181127/tools/bin/../lib/gcc/arm-none-eabi/10.3.1/../../../../arm-none-eabi/lib/thumb/v7e-m+dp/hard\libc_nano.a(lib_a-readr.o)
 .ARM.attributes
                0x0000000000000b4b       0x32 c:/st/stm32cubeide_1.8.0/stm32cubeide/plugins/com.st.stm32cube.ide.mcu.externaltools.gnu-tools-for-stm32.10.3-2021.10.win32_1.0.0.202111181127/tools/bin/../lib/gcc/arm-none-eabi/10.3.1/../../../../arm-none-eabi/lib/thumb/v7e-m+dp/hard\libc_nano.a(lib_a-nano-msizer.o)
 .ARM.attributes
                0x0000000000000b7d       0x1e c:/st/stm32cubeide_1.8.0/stm32cubeide/plugins/com.st.stm32cube.ide.mcu.externaltools.gnu-tools-for-stm32.10.3-2021.10.win32_1.0.0.202111181127/tools/bin/../lib/gcc/arm-none-eabi/10.3.1/thumb/v7e-m+dp/hard\libgcc.a(_aeabi_uldivmod.o)
 .ARM.attributes
                0x0000000000000b9b       0x32 c:/st/stm32cubeide_1.8.0/stm32cubeide/plugins/com.st.stm32cube.ide.mcu.externaltools.gnu-tools-for-stm32.10.3-2021.10.win32_1.0.0.202111181127/tools/bin/../lib/gcc/arm-none-eabi/10.3.1/thumb/v7e-m+dp/hard\libgcc.a(_udivmoddi4.o)
 .ARM.attributes
                0x0000000000000bcd       0x1e c:/st/stm32cubeide_1.8.0/stm32cubeide/plugins/com.st.stm32cube.ide.mcu.externaltools.gnu-tools-for-stm32.10.3-2021.10.win32_1.0.0.202111181127/tools/bin/../lib/gcc/arm-none-eabi/10.3.1/thumb/v7e-m+dp/hard\libgcc.a(_dvmd_tls.o)
 .ARM.attributes
                0x0000000000000beb       0x1e c:/st/stm32cubeide_1.8.0/stm32cubeide/plugins/com.st.stm32cube.ide.mcu.externaltools.gnu-tools-for-stm32.10.3-2021.10.win32_1.0.0.202111181127/tools/bin/../lib/gcc/arm-none-eabi/10.3.1/thumb/v7e-m+dp/hard/crtn.o
OUTPUT(f767-GitHub-v5.elf elf32-littlearm)
LOAD linker stubs
LOAD c:/st/stm32cubeide_1.8.0/stm32cubeide/plugins/com.st.stm32cube.ide.mcu.externaltools.gnu-tools-for-stm32.10.3-2021.10.win32_1.0.0.202111181127/tools/bin/../lib/gcc/arm-none-eabi/10.3.1/../../../../arm-none-eabi/lib/thumb/v7e-m+dp/hard\libc.a
LOAD c:/st/stm32cubeide_1.8.0/stm32cubeide/plugins/com.st.stm32cube.ide.mcu.externaltools.gnu-tools-for-stm32.10.3-2021.10.win32_1.0.0.202111181127/tools/bin/../lib/gcc/arm-none-eabi/10.3.1/../../../../arm-none-eabi/lib/thumb/v7e-m+dp/hard\libm.a
LOAD c:/st/stm32cubeide_1.8.0/stm32cubeide/plugins/com.st.stm32cube.ide.mcu.externaltools.gnu-tools-for-stm32.10.3-2021.10.win32_1.0.0.202111181127/tools/bin/../lib/gcc/arm-none-eabi/10.3.1/thumb/v7e-m+dp/hard\libgcc.a

.debug_info     0x0000000000000000    0x16ada
 .debug_info    0x0000000000000000      0x5b8 ./Core/Src/dma.o
 .debug_info    0x00000000000005b8      0x4b8 ./Core/Src/gpio.o
 .debug_info    0x0000000000000a70     0x2430 ./Core/Src/main.o
 .debug_info    0x0000000000002ea0      0xa12 ./Core/Src/quadspi.o
 .debug_info    0x00000000000038b2      0xb25 ./Core/Src/spi.o
 .debug_info    0x00000000000043d7      0x2d2 ./Core/Src/stm32f7xx_hal_msp.o
 .debug_info    0x00000000000046a9      0x7a0 ./Core/Src/stm32f7xx_it.o
 .debug_info    0x0000000000004e49      0x6ec ./Core/Src/syscalls.o
 .debug_info    0x0000000000005535      0x171 ./Core/Src/sysmem.o
 .debug_info    0x00000000000056a6      0x72c ./Core/Src/system_stm32f7xx.o
 .debug_info    0x0000000000005dd2      0x99a ./Core/Src/tim.o
 .debug_info    0x000000000000676c     0x10f2 ./Core/Src/usart.o
 .debug_info    0x000000000000785e     0x116e ./Core/Src/w25qxx.o
 .debug_info    0x00000000000089cc       0x22 ./Core/Startup/startup_stm32f767bitx.o
 .debug_info    0x00000000000089ee      0xdc8 ./Core/tjpg/tjpgd.o
 .debug_info    0x00000000000097b6      0xa82 ./Drivers/STM32F7xx_HAL_Driver/Src/stm32f7xx_hal.o
 .debug_info    0x000000000000a238     0x109c ./Drivers/STM32F7xx_HAL_Driver/Src/stm32f7xx_hal_cortex.o
 .debug_info    0x000000000000b2d4      0x94f ./Drivers/STM32F7xx_HAL_Driver/Src/stm32f7xx_hal_dma.o
 .debug_info    0x000000000000bc23      0x7a2 ./Drivers/STM32F7xx_HAL_Driver/Src/stm32f7xx_hal_gpio.o
 .debug_info    0x000000000000c3c5     0x135e ./Drivers/STM32F7xx_HAL_Driver/Src/stm32f7xx_hal_qspi.o
 .debug_info    0x000000000000d723      0x9f8 ./Drivers/STM32F7xx_HAL_Driver/Src/stm32f7xx_hal_rcc.o
 .debug_info    0x000000000000e11b      0x78b ./Drivers/STM32F7xx_HAL_Driver/Src/stm32f7xx_hal_rcc_ex.o
 .debug_info    0x000000000000e8a6     0x1802 ./Drivers/STM32F7xx_HAL_Driver/Src/stm32f7xx_hal_spi.o
 .debug_info    0x00000000000100a8     0x2d3e ./Drivers/STM32F7xx_HAL_Driver/Src/stm32f7xx_hal_tim.o
 .debug_info    0x0000000000012de6     0x3cf4 ./Drivers/STM32F7xx_HAL_Driver/Src/stm32f7xx_hal_uart.o

.debug_abbrev   0x0000000000000000     0x301c
 .debug_abbrev  0x0000000000000000      0x10a ./Core/Src/dma.o
 .debug_abbrev  0x000000000000010a      0x146 ./Core/Src/gpio.o
 .debug_abbrev  0x0000000000000250      0x399 ./Core/Src/main.o
 .debug_abbrev  0x00000000000005e9      0x1e0 ./Core/Src/quadspi.o
 .debug_abbrev  0x00000000000007c9      0x1e0 ./Core/Src/spi.o
 .debug_abbrev  0x00000000000009a9       0xd4 ./Core/Src/stm32f7xx_hal_msp.o
 .debug_abbrev  0x0000000000000a7d      0x166 ./Core/Src/stm32f7xx_it.o
 .debug_abbrev  0x0000000000000be3      0x1c4 ./Core/Src/syscalls.o
 .debug_abbrev  0x0000000000000da7       0xbb ./Core/Src/sysmem.o
 .debug_abbrev  0x0000000000000e62      0x136 ./Core/Src/system_stm32f7xx.o
 .debug_abbrev  0x0000000000000f98      0x1c2 ./Core/Src/tim.o
 .debug_abbrev  0x000000000000115a      0x218 ./Core/Src/usart.o
 .debug_abbrev  0x0000000000001372      0x2ce ./Core/Src/w25qxx.o
 .debug_abbrev  0x0000000000001640       0x12 ./Core/Startup/startup_stm32f767bitx.o
 .debug_abbrev  0x0000000000001652      0x211 ./Core/tjpg/tjpgd.o
 .debug_abbrev  0x0000000000001863      0x20d ./Drivers/STM32F7xx_HAL_Driver/Src/stm32f7xx_hal.o
 .debug_abbrev  0x0000000000001a70      0x316 ./Drivers/STM32F7xx_HAL_Driver/Src/stm32f7xx_hal_cortex.o
 .debug_abbrev  0x0000000000001d86      0x25b ./Drivers/STM32F7xx_HAL_Driver/Src/stm32f7xx_hal_dma.o
 .debug_abbrev  0x0000000000001fe1      0x1c4 ./Drivers/STM32F7xx_HAL_Driver/Src/stm32f7xx_hal_gpio.o
 .debug_abbrev  0x00000000000021a5      0x267 ./Drivers/STM32F7xx_HAL_Driver/Src/stm32f7xx_hal_qspi.o
 .debug_abbrev  0x000000000000240c      0x2d1 ./Drivers/STM32F7xx_HAL_Driver/Src/stm32f7xx_hal_rcc.o
 .debug_abbrev  0x00000000000026dd      0x1b9 ./Drivers/STM32F7xx_HAL_Driver/Src/stm32f7xx_hal_rcc_ex.o
 .debug_abbrev  0x0000000000002896      0x254 ./Drivers/STM32F7xx_HAL_Driver/Src/stm32f7xx_hal_spi.o
 .debug_abbrev  0x0000000000002aea      0x264 ./Drivers/STM32F7xx_HAL_Driver/Src/stm32f7xx_hal_tim.o
 .debug_abbrev  0x0000000000002d4e      0x2ce ./Drivers/STM32F7xx_HAL_Driver/Src/stm32f7xx_hal_uart.o

.debug_aranges  0x0000000000000000     0x1280
 .debug_aranges
                0x0000000000000000       0x20 ./Core/Src/dma.o
 .debug_aranges
                0x0000000000000020       0x20 ./Core/Src/gpio.o
 .debug_aranges
                0x0000000000000040      0x110 ./Core/Src/main.o
 .debug_aranges
                0x0000000000000150       0x30 ./Core/Src/quadspi.o
 .debug_aranges
                0x0000000000000180       0x40 ./Core/Src/spi.o
 .debug_aranges
                0x00000000000001c0       0x20 ./Core/Src/stm32f7xx_hal_msp.o
 .debug_aranges
                0x00000000000001e0       0x70 ./Core/Src/stm32f7xx_it.o
 .debug_aranges
                0x0000000000000250       0xa8 ./Core/Src/syscalls.o
 .debug_aranges
                0x00000000000002f8       0x20 ./Core/Src/sysmem.o
 .debug_aranges
                0x0000000000000318       0x28 ./Core/Src/system_stm32f7xx.o
 .debug_aranges
                0x0000000000000340       0x30 ./Core/Src/tim.o
 .debug_aranges
                0x0000000000000370       0x38 ./Core/Src/usart.o
 .debug_aranges
                0x00000000000003a8      0x100 ./Core/Src/w25qxx.o
 .debug_aranges
                0x00000000000004a8       0x28 ./Core/Startup/startup_stm32f767bitx.o
 .debug_aranges
                0x00000000000004d0       0x70 ./Core/tjpg/tjpgd.o
 .debug_aranges
                0x0000000000000540      0x110 ./Drivers/STM32F7xx_HAL_Driver/Src/stm32f7xx_hal.o
 .debug_aranges
                0x0000000000000650      0x118 ./Drivers/STM32F7xx_HAL_Driver/Src/stm32f7xx_hal_cortex.o
 .debug_aranges
                0x0000000000000768       0x90 ./Drivers/STM32F7xx_HAL_Driver/Src/stm32f7xx_hal_dma.o
 .debug_aranges
                0x00000000000007f8       0x58 ./Drivers/STM32F7xx_HAL_Driver/Src/stm32f7xx_hal_gpio.o
 .debug_aranges
                0x0000000000000850      0x170 ./Drivers/STM32F7xx_HAL_Driver/Src/stm32f7xx_hal_qspi.o
 .debug_aranges
                0x00000000000009c0       0x88 ./Drivers/STM32F7xx_HAL_Driver/Src/stm32f7xx_hal_rcc.o
 .debug_aranges
                0x0000000000000a48       0x50 ./Drivers/STM32F7xx_HAL_Driver/Src/stm32f7xx_hal_rcc_ex.o
 .debug_aranges
                0x0000000000000a98      0x1d8 ./Drivers/STM32F7xx_HAL_Driver/Src/stm32f7xx_hal_spi.o
 .debug_aranges
                0x0000000000000c70      0x3e0 ./Drivers/STM32F7xx_HAL_Driver/Src/stm32f7xx_hal_tim.o
 .debug_aranges
                0x0000000000001050      0x230 ./Drivers/STM32F7xx_HAL_Driver/Src/stm32f7xx_hal_uart.o

.debug_ranges   0x0000000000000000     0x1170
 .debug_ranges  0x0000000000000000       0x10 ./Core/Src/dma.o
 .debug_ranges  0x0000000000000010       0x10 ./Core/Src/gpio.o
 .debug_ranges  0x0000000000000020      0x100 ./Core/Src/main.o
 .debug_ranges  0x0000000000000120       0x20 ./Core/Src/quadspi.o