../Core/Src/main.c:61:1:__io_putchar	16	static
../Core/Src/main.c:750:5:main	120	static
../Core/Src/main.c:872:6:SystemClock_Config	88	static
../Core/Src/main.c:910:6:blink	24	static
../Core/Src/main.c:931:6:chipSelect	8	static
../Core/Src/main.c:940:6:chipDeSelect	8	static
../Core/Src/main.c:949:6:WRENABLE_FM	96	static
../Core/Src/main.c:958:6:WRDISABLE_FM	96	static
../Core/Src/main.c:967:6:writeSR	96	static
../Core/Src/main.c:979:5:ReadSR	104	static
../Core/Src/main.c:992:6:write_3ByteAdd_FM	104	static
../Core/Src/main.c:1023:5:read_3ByteAdd_FM	104	static
../Core/Src/main.c:1052:6:eraseSector_3ByteAdd_FM	104	static
../Core/Src/main.c:1078:6:write_4ByteAdd_FM	112	static
../Core/Src/main.c:1105:5:read_4ByteAdd_FM	112	static
../Core/Src/main.c:1137:6:eraseSector_4ByteAdd_FM	104	static
../Core/Src/main.c:1164:5:display_bulk_4ByteAdd_FM	104	static
../Core/Src/main.c:1202:6:read_bulk_4ByteAdd_FM	104	static
../Core/Src/main.c:1242:6:saveImage_FM	112	static
../Core/Src/main.c:1347:6:readImage_FM	24	static
../Core/Src/main.c:1399:6:getImage	8	static
../Core/Src/main.c:1405:6:sendACKtoCAM	8	static
../Core/Src/main.c:1409:6:HAL_UART_RxCpltCallback	24	static
../Core/Src/main.c:1457:6:Error_Handler	4	static
