../Drivers/CMSIS/Include/core_cm7.h:2229:22:SCB_EnableICache	4	static,ignoring_inline_asm
../Drivers/CMSIS/Include/core_cm7.h:2281:22:SCB_EnableDCache	24	static,ignoring_inline_asm
../Core/Src/main.c:1280:1:__io_putchar	16	static
../Core/Src/main.c:1285:1:__io_getchar	16	static
../Core/Src/main.c:1309:10:in_func	32	static
../Core/Src/main.c:1332:10:out_func	48	static
../Core/Src/main.c:1358:5:main	83352	static
../Core/Src/main.c:1779:6:SystemClock_Config	88	static
../Core/Src/main.c:1830:6:blink	16	static
../Core/Src/main.c:1838:6:localChipSelect	8	static
../Core/Src/main.c:1845:6:localChipDeSelect	8	static
../Core/Src/main.c:1852:6:sharedChipSelect	8	static
../Core/Src/main.c:1859:6:sharedChipDeSelect	8	static
../Core/Src/main.c:1866:6:WRENABLE_LocalFM	8	static
../Core/Src/main.c:1877:6:WRENABLE_SharedFM	8	static
../Core/Src/main.c:1888:6:writeSR	16	static
../Core/Src/main.c:1908:5:ReadSR	16	static
../Core/Src/main.c:1938:6:eraseSector_4ByteAdd_LocalFM	24	static
../Core/Src/main.c:1967:6:eraseSector_4ByteAdd_SharedFM	24	static
../Core/Src/main.c:1994:6:write_4ByteAdd_LocalFM	48	static
../Core/Src/main.c:2026:6:write_4ByteAdd_SharedFM	48	static
../Core/Src/main.c:2058:5:read_4ByteAdd_LocalFM	48	static
../Core/Src/main.c:2092:5:read_4ByteAdd_SharedFM	48	static
../Core/Src/main.c:2129:6:read_bulk_4ByteAdd_LocalFM	40	static
../Core/Src/main.c:2161:6:read_bulk_4ByteAdd_SharedFM	40	static
../Core/Src/main.c:2196:6:saveImage_LocalFM	32	static
../Core/Src/main.c:2303:6:saveImage_SharedFM	32	static
../Core/Src/main.c:2407:6:readImage_LocalFM	32	static
../Core/Src/main.c:2463:5:display_bulk_4ByteAdd_LocalFM	32	static
../Core/Src/main.c:2502:5:display_bulk_4ByteAdd_SharedFM	32	static
../Core/Src/main.c:2547:13:main_dataconverter	24	static
../Core/Src/main.c:2558:13:rgb2gray_uint8_T	64	static
../Core/Src/main.c:2591:13:prepocess	38424	static
../Core/Src/main.c:2618:6:Error_Handler	4	static
