../Core/Src/main.c:61:1:__io_putchar	16	static
../Core/Src/main.c:750:5:main	320	static
../Core/Src/main.c:886:6:SystemClock_Config	88	static
../Core/Src/main.c:924:6:blink	24	static
../Core/Src/main.c:945:6:chipSelect	8	static
../Core/Src/main.c:954:6:chipDeSelect	8	static
../Core/Src/main.c:963:6:WRENABLE_FM	96	static
../Core/Src/main.c:972:6:WRDISABLE_FM	96	static
../Core/Src/main.c:981:6:writeSR	96	static
../Core/Src/main.c:993:5:ReadSR	104	static
../Core/Src/main.c:1006:6:write_3ByteAdd_FM	104	static
../Core/Src/main.c:1037:5:read_3ByteAdd_FM	104	static
../Core/Src/main.c:1066:6:eraseSector_3ByteAdd_FM	104	static
../Core/Src/main.c:1092:6:write_4ByteAdd_FM	112	static
../Core/Src/main.c:1119:5:read_4ByteAdd_FM	112	static
../Core/Src/main.c:1151:6:eraseSector_4ByteAdd_FM	104	static
../Core/Src/main.c:1178:5:display_bulk_4ByteAdd_FM	104	static
../Core/Src/main.c:1216:6:read_bulk_4ByteAdd_FM	104	static
../Core/Src/main.c:1256:6:saveImage_FM	112	static
../Core/Src/main.c:1361:6:readImage_FM	24	static
../Core/Src/main.c:1413:6:getImage	8	static
../Core/Src/main.c:1419:6:sendACKtoCAM	8	static
../Core/Src/main.c:1423:6:HAL_UART_RxCpltCallback	24	static
../Core/Src/main.c:1471:6:Error_Handler	4	static
