../Drivers/CMSIS/Include/core_cm7.h:2229:22:SCB_EnableICache	4	static,ignoring_inline_asm
../Drivers/CMSIS/Include/core_cm7.h:2281:22:SCB_EnableDCache	24	static,ignoring_inline_asm
../Core/Src/main.c:77:1:__io_putchar	16	static
../Core/Src/main.c:1274:10:in_func	32	static
../Core/Src/main.c:1297:10:out_func	48	static
../Core/Src/main.c:1323:5:main	83048	static
../Core/Src/main.c:1644:6:SystemClock_Config	88	static
../Core/Src/main.c:1682:6:blink	16	static
../Core/Src/main.c:1690:6:localChipSelect	8	static
../Core/Src/main.c:1697:6:localChipDeSelect	8	static
../Core/Src/main.c:1704:6:sharedChipSelect	8	static
../Core/Src/main.c:1711:6:sharedChipDeSelect	8	static
../Core/Src/main.c:1718:6:WRENABLE_LocalFM	8	static
../Core/Src/main.c:1729:6:WRENABLE_SharedFM	8	static
../Core/Src/main.c:1740:6:writeSR	16	static
../Core/Src/main.c:1760:5:ReadSR	16	static
../Core/Src/main.c:1790:6:eraseSector_4ByteAdd_LocalFM	24	static
../Core/Src/main.c:1819:6:eraseSector_4ByteAdd_SharedFM	24	static
../Core/Src/main.c:1846:6:write_4ByteAdd_LocalFM	48	static
../Core/Src/main.c:1878:6:write_4ByteAdd_SharedFM	48	static
../Core/Src/main.c:1910:5:read_4ByteAdd_LocalFM	48	static
../Core/Src/main.c:1944:5:read_4ByteAdd_SharedFM	48	static
../Core/Src/main.c:1981:6:read_bulk_4ByteAdd_LocalFM	40	static
../Core/Src/main.c:2013:6:read_bulk_4ByteAdd_SharedFM	40	static
../Core/Src/main.c:2048:6:saveImage_LocalFM	32	static
../Core/Src/main.c:2155:6:saveImage_SharedFM	32	static
../Core/Src/main.c:2259:6:readImage_LocalFM	32	static
../Core/Src/main.c:2315:5:display_bulk_4ByteAdd_LocalFM	32	static
../Core/Src/main.c:2354:5:display_bulk_4ByteAdd_SharedFM	32	static
../Core/Src/main.c:2399:13:main_dataconverter	24	static
../Core/Src/main.c:2410:13:rgb2gray_uint8_T	64	static
../Core/Src/main.c:2443:13:prepocess	38424	static
../Core/Src/main.c:2470:6:Error_Handler	4	static
