../Drivers/CMSIS/Include/core_cm7.h:2229:22:SCB_EnableICache	4	static,ignoring_inline_asm
../Drivers/CMSIS/Include/core_cm7.h:2281:22:SCB_EnableDCache	24	static,ignoring_inline_asm
../Core/Src/main.c:81:1:__io_putchar	16	static
../Core/Src/main.c:1278:10:in_func	32	static
../Core/Src/main.c:1301:10:out_func	48	static
../Core/Src/main.c:1327:5:main	83352	static
../Core/Src/main.c:1753:6:SystemClock_Config	88	static
../Core/Src/main.c:1797:6:blink	16	static
../Core/Src/main.c:1805:6:localChipSelect	8	static
../Core/Src/main.c:1812:6:localChipDeSelect	8	static
../Core/Src/main.c:1819:6:sharedChipSelect	8	static
../Core/Src/main.c:1826:6:sharedChipDeSelect	8	static
../Core/Src/main.c:1833:6:WRENABLE_LocalFM	8	static
../Core/Src/main.c:1844:6:WRENABLE_SharedFM	8	static
../Core/Src/main.c:1855:6:writeSR	16	static
../Core/Src/main.c:1875:5:ReadSR	16	static
../Core/Src/main.c:1905:6:eraseSector_4ByteAdd_LocalFM	24	static
../Core/Src/main.c:1934:6:eraseSector_4ByteAdd_SharedFM	24	static
../Core/Src/main.c:1961:6:write_4ByteAdd_LocalFM	48	static
../Core/Src/main.c:1993:6:write_4ByteAdd_SharedFM	48	static
../Core/Src/main.c:2025:5:read_4ByteAdd_LocalFM	48	static
../Core/Src/main.c:2059:5:read_4ByteAdd_SharedFM	48	static
../Core/Src/main.c:2096:6:read_bulk_4ByteAdd_LocalFM	40	static
../Core/Src/main.c:2128:6:read_bulk_4ByteAdd_SharedFM	40	static
../Core/Src/main.c:2163:6:saveImage_LocalFM	32	static
../Core/Src/main.c:2270:6:saveImage_SharedFM	32	static
../Core/Src/main.c:2374:6:readImage_LocalFM	32	static
../Core/Src/main.c:2430:5:display_bulk_4ByteAdd_LocalFM	32	static
../Core/Src/main.c:2469:5:display_bulk_4ByteAdd_SharedFM	32	static
../Core/Src/main.c:2514:13:main_dataconverter	24	static
../Core/Src/main.c:2525:13:rgb2gray_uint8_T	64	static
../Core/Src/main.c:2558:13:prepocess	38424	static
../Core/Src/main.c:2585:6:Error_Handler	4	static
