../Drivers/CMSIS/Include/core_cm7.h:2229:22:SCB_EnableICache	4	static,ignoring_inline_asm
../Drivers/CMSIS/Include/core_cm7.h:2281:22:SCB_EnableDCache	24	static,ignoring_inline_asm
../Core/Src/main.c:81:1:__io_putchar	16	static
../Core/Src/main.c:1278:10:in_func	32	static
../Core/Src/main.c:1301:10:out_func	48	static
../Core/Src/main.c:1327:5:main	83352	static
../Core/Src/main.c:1746:6:SystemClock_Config	88	static
../Core/Src/main.c:1790:6:blink	16	static
../Core/Src/main.c:1798:6:localChipSelect	8	static
../Core/Src/main.c:1805:6:localChipDeSelect	8	static
../Core/Src/main.c:1812:6:sharedChipSelect	8	static
../Core/Src/main.c:1819:6:sharedChipDeSelect	8	static
../Core/Src/main.c:1826:6:WRENABLE_LocalFM	8	static
../Core/Src/main.c:1837:6:WRENABLE_SharedFM	8	static
../Core/Src/main.c:1848:6:writeSR	16	static
../Core/Src/main.c:1868:5:ReadSR	16	static
../Core/Src/main.c:1898:6:eraseSector_4ByteAdd_LocalFM	24	static
../Core/Src/main.c:1927:6:eraseSector_4ByteAdd_SharedFM	24	static
../Core/Src/main.c:1954:6:write_4ByteAdd_LocalFM	48	static
../Core/Src/main.c:1986:6:write_4ByteAdd_SharedFM	48	static
../Core/Src/main.c:2018:5:read_4ByteAdd_LocalFM	48	static
../Core/Src/main.c:2052:5:read_4ByteAdd_SharedFM	48	static
../Core/Src/main.c:2089:6:read_bulk_4ByteAdd_LocalFM	40	static
../Core/Src/main.c:2121:6:read_bulk_4ByteAdd_SharedFM	40	static
../Core/Src/main.c:2156:6:saveImage_LocalFM	32	static
../Core/Src/main.c:2263:6:saveImage_SharedFM	32	static
../Core/Src/main.c:2367:6:readImage_LocalFM	32	static
../Core/Src/main.c:2423:5:display_bulk_4ByteAdd_LocalFM	32	static
../Core/Src/main.c:2462:5:display_bulk_4ByteAdd_SharedFM	32	static
../Core/Src/main.c:2507:13:main_dataconverter	24	static
../Core/Src/main.c:2518:13:rgb2gray_uint8_T	64	static
../Core/Src/main.c:2551:13:prepocess	38424	static
../Core/Src/main.c:2578:6:Error_Handler	4	static
