../Core/Src/main.c:71:1:__io_putchar	16	static
../Core/Src/main.c:1268:10:in_func	32	static
../Core/Src/main.c:1291:10:out_func	48	static
../Core/Src/main.c:1317:5:main	5232	static
../Core/Src/main.c:1505:6:SystemClock_Config	88	static
../Core/Src/main.c:1543:6:blink	16	static
../Core/Src/main.c:1551:6:localChipSelect	8	static
../Core/Src/main.c:1558:6:localChipDeSelect	8	static
../Core/Src/main.c:1565:6:sharedChipSelect	8	static
../Core/Src/main.c:1572:6:sharedChipDeSelect	8	static
../Core/Src/main.c:1579:6:WRENABLE_LocalFM	8	static
../Core/Src/main.c:1590:6:WRENABLE_SharedFM	8	static
../Core/Src/main.c:1601:6:writeSR	16	static
../Core/Src/main.c:1621:5:ReadSR	16	static
../Core/Src/main.c:1651:6:eraseSector_4ByteAdd_LocalFM	24	static
../Core/Src/main.c:1680:6:eraseSector_4ByteAdd_SharedFM	24	static
../Core/Src/main.c:1707:6:write_4ByteAdd_LocalFM	48	static
../Core/Src/main.c:1739:6:write_4ByteAdd_SharedFM	48	static
../Core/Src/main.c:1771:5:read_4ByteAdd_LocalFM	48	static
../Core/Src/main.c:1805:5:read_4ByteAdd_SharedFM	48	static
../Core/Src/main.c:1842:6:read_bulk_4ByteAdd_LocalFM	40	static
../Core/Src/main.c:1874:6:read_bulk_4ByteAdd_SharedFM	40	static
../Core/Src/main.c:1909:6:saveImage_LocalFM	32	static
../Core/Src/main.c:2016:6:saveImage_SharedFM	32	static
../Core/Src/main.c:2120:6:readImage_LocalFM	32	static
../Core/Src/main.c:2176:5:display_bulk_4ByteAdd_LocalFM	32	static
../Core/Src/main.c:2215:5:display_bulk_4ByteAdd_SharedFM	32	static
../Core/Src/main.c:2260:13:main_dataconverter	24	static
../Core/Src/main.c:2271:13:rgb2gray_uint8_T	64	static
../Core/Src/main.c:2304:13:prepocess	38424	static
../Core/Src/main.c:2331:6:Error_Handler	4	static
