../Core/Src/main.c:71:1:__io_putchar	16	static
../Core/Src/main.c:1268:10:in_func	32	static
../Core/Src/main.c:1291:10:out_func	48	static
../Core/Src/main.c:1317:5:main	5232	static
../Core/Src/main.c:1506:6:SystemClock_Config	88	static
../Core/Src/main.c:1544:6:blink	16	static
../Core/Src/main.c:1552:6:localChipSelect	8	static
../Core/Src/main.c:1559:6:localChipDeSelect	8	static
../Core/Src/main.c:1566:6:sharedChipSelect	8	static
../Core/Src/main.c:1573:6:sharedChipDeSelect	8	static
../Core/Src/main.c:1580:6:WRENABLE_LocalFM	8	static
../Core/Src/main.c:1591:6:WRENABLE_SharedFM	8	static
../Core/Src/main.c:1602:6:writeSR	16	static
../Core/Src/main.c:1622:5:ReadSR	16	static
../Core/Src/main.c:1652:6:eraseSector_4ByteAdd_LocalFM	24	static
../Core/Src/main.c:1681:6:eraseSector_4ByteAdd_SharedFM	24	static
../Core/Src/main.c:1708:6:write_4ByteAdd_LocalFM	48	static
../Core/Src/main.c:1740:6:write_4ByteAdd_SharedFM	48	static
../Core/Src/main.c:1772:5:read_4ByteAdd_LocalFM	48	static
../Core/Src/main.c:1806:5:read_4ByteAdd_SharedFM	48	static
../Core/Src/main.c:1843:6:read_bulk_4ByteAdd_LocalFM	40	static
../Core/Src/main.c:1875:6:read_bulk_4ByteAdd_SharedFM	40	static
../Core/Src/main.c:1910:6:saveImage_LocalFM	32	static
../Core/Src/main.c:2017:6:saveImage_SharedFM	32	static
../Core/Src/main.c:2121:6:readImage_LocalFM	32	static
../Core/Src/main.c:2177:5:display_bulk_4ByteAdd_LocalFM	32	static
../Core/Src/main.c:2216:5:display_bulk_4ByteAdd_SharedFM	32	static
../Core/Src/main.c:2261:13:main_dataconverter	24	static
../Core/Src/main.c:2272:13:rgb2gray_uint8_T	64	static
../Core/Src/main.c:2305:13:prepocess	38424	static
../Core/Src/main.c:2332:6:Error_Handler	4	static
